../Core/Src/gui.c:93:6:Paint_NewImage	24	static
../Core/Src/gui.c:119:6:Paint_SetClearFunction	16	static
../Core/Src/gui.c:127:6:Paint_SetDisplayFunction	16	static
../Core/Src/gui.c:136:6:Paint_SetRotate	16	static
../Core/Src/gui.c:152:6:Paint_SetMirroring	16	static
../Core/Src/gui.c:174:6:Paint_SetPixel	24	static
../Core/Src/gui.c:235:6:Paint_Clear	16	static
../Core/Src/gui.c:247:6:Paint_ClearWindows	32	static
../Core/Src/gui.c:265:6:Paint_DrawPoint	32	static
../Core/Src/gui.c:303:6:Paint_DrawLine	64	static
../Core/Src/gui.c:361:6:Paint_DrawRectangle	48	static
../Core/Src/gui.c:397:6:Paint_DrawCircle	40	static
../Core/Src/gui.c:481:6:Paint_DrawChar	40	static
../Core/Src/gui.c:533:6:Paint_DrawString_EN	40	static
../Core/Src/gui.c:577:6:Paint_DrawString_CN	56	static
../Core/Src/gui.c:679:6:Paint_DrawNum	560	static
../Core/Src/gui.c:718:6:Paint_DrawFloatNum	312	static
../Core/Src/gui.c:744:6:Paint_DrawTime	48	static
../Core/Src/gui.c:778:6:Paint_DrawImage	40	static
../Core/Src/gui.c:798:6:set_gui_settings	16	static
../Core/Src/gui.c:802:6:draw_img	32	static
../Core/Src/gui.c:817:6:draw_img_c	32	static
../Core/Src/gui.c:826:6:update_gui	4	static
