../Core/Src/lcd.c:38:13:_update_delta	16	static
../Core/Src/lcd.c:46:6:screen_render	64	dynamic
../Core/Src/lcd.c:82:13:screen_reset	8	static
../Core/Src/lcd.c:96:13:LCD_1IN28_SendCommand	24	static
../Core/Src/lcd.c:109:13:LCD_1IN28_SendData_8Bit	24	static
../Core/Src/lcd.c:122:13:LCD_1IN28_SendData_16Bit	24	static
../Core/Src/lcd.c:134:13:LCD_1IN28_InitReg	8	static
../Core/Src/lcd.c:372:13:LCD_1IN28_SetAttributes	24	static
../Core/Src/lcd.c:397:6:screen_init	16	static
../Core/Src/lcd.c:417:6:screen_set_windows	24	static
../Core/Src/lcd.c:440:6:screen_clear	24	static
../Core/Src/lcd.c:449:6:screen_set_point	16	static
../Core/Src/lcd.c:459:6:screen_display	115224	static
../Core/Src/lcd.c:471:6:screen_display_windows	32	static
../Core/Src/lcd.c:495:6:screen_draw_paint	16	static
../Core/Src/lcd.c:506:6:LCD_1IN28_SetBackLight	16	static
