../Core/Src/lcd.c:42:13:LCD_1IN28_SendCommand	24	static
../Core/Src/lcd.c:55:13:LCD_1IN28_SendData_8Bit	24	static
../Core/Src/lcd.c:63:13:screen_set_windows	24	static
../Core/Src/lcd.c:81:13:_update_delta	16	static
../Core/Src/lcd.c:89:6:screen_render	64	dynamic
../Core/Src/lcd.c:125:13:screen_reset	8	static
../Core/Src/lcd.c:146:13:LCD_1IN28_SendData_16Bit	24	static
../Core/Src/lcd.c:158:13:LCD_1IN28_InitReg	8	static
../Core/Src/lcd.c:324:13:LCD_1IN28_SetAttributes	24	static
../Core/Src/lcd.c:349:6:screen_init	16	static
../Core/Src/lcd.c:375:6:screen_clear	24	static
../Core/Src/lcd.c:384:6:screen_set_point	16	static
../Core/Src/lcd.c:394:6:screen_display	115224	static
../Core/Src/lcd.c:406:6:screen_display_windows	32	static
../Core/Src/lcd.c:430:6:screen_draw_paint	16	static
../Core/Src/lcd.c:441:6:LCD_1IN28_SetBackLight	16	static
