Archive member included to satisfy reference by file (symbol)

C:/PROGRA~2/ARMGNU~1/14EFD8~1.2RE/bin/../lib/gcc/arm-none-eabi/14.2.1/thumb/v7e-m/nofp\libgcc.a(_arm_muldf3.o)
                              CMakeFiles/smartwatch.elf.dir/Core/Src/rasterizer.c.obj (__aeabi_dmul)
C:/PROGRA~2/ARMGNU~1/14EFD8~1.2RE/bin/../lib/gcc/arm-none-eabi/14.2.1/thumb/v7e-m/nofp\libgcc.a(_arm_mulsf3.o)
                              CMakeFiles/smartwatch.elf.dir/Core/Src/rasterizer.c.obj (__aeabi_fmul)
C:/PROGRA~2/ARMGNU~1/14EFD8~1.2RE/bin/../lib/gcc/arm-none-eabi/14.2.1/thumb/v7e-m/nofp\libgcc.a(_arm_addsubdf3.o)
                              CMakeFiles/smartwatch.elf.dir/Core/Src/rasterizer.c.obj (__aeabi_dadd)
C:/PROGRA~2/ARMGNU~1/14EFD8~1.2RE/bin/../lib/gcc/arm-none-eabi/14.2.1/thumb/v7e-m/nofp\libgcc.a(_arm_muldivdf3.o)
                              CMakeFiles/smartwatch.elf.dir/Core/Src/rasterizer.c.obj (__aeabi_ddiv)
C:/PROGRA~2/ARMGNU~1/14EFD8~1.2RE/bin/../lib/gcc/arm-none-eabi/14.2.1/thumb/v7e-m/nofp\libgcc.a(_arm_truncdfsf2.o)
                              CMakeFiles/smartwatch.elf.dir/Core/Src/rasterizer.c.obj (__aeabi_d2f)
C:/PROGRA~2/ARMGNU~1/14EFD8~1.2RE/bin/../lib/gcc/arm-none-eabi/14.2.1/thumb/v7e-m/nofp\libgcc.a(_arm_addsubsf3.o)
                              CMakeFiles/smartwatch.elf.dir/Core/Src/rasterizer.c.obj (__aeabi_fadd)
C:/PROGRA~2/ARMGNU~1/14EFD8~1.2RE/bin/../lib/gcc/arm-none-eabi/14.2.1/thumb/v7e-m/nofp\libgcc.a(_arm_cmpsf2.o)
                              CMakeFiles/smartwatch.elf.dir/Core/Src/rasterizer.c.obj (__aeabi_fcmplt)
C:/PROGRA~2/ARMGNU~1/14EFD8~1.2RE/bin/../lib/gcc/arm-none-eabi/14.2.1/thumb/v7e-m/nofp\libgcc.a(_arm_fixsfsi.o)
                              CMakeFiles/smartwatch.elf.dir/Core/Src/rasterizer.c.obj (__aeabi_f2iz)
C:/PROGRA~2/ARMGNU~1/14EFD8~1.2RE/bin/../lib/gcc/arm-none-eabi/14.2.1/thumb/v7e-m/nofp\libgcc.a(_aeabi_uldivmod.o)
                              CMakeFiles/smartwatch.elf.dir/Drivers/STM32L4xx_HAL_Driver/Src/stm32l4xx_hal_uart.c.obj (__aeabi_uldivmod)
C:/PROGRA~2/ARMGNU~1/14EFD8~1.2RE/bin/../lib/gcc/arm-none-eabi/14.2.1/thumb/v7e-m/nofp\libgcc.a(_udivmoddi4.o)
                              C:/PROGRA~2/ARMGNU~1/14EFD8~1.2RE/bin/../lib/gcc/arm-none-eabi/14.2.1/thumb/v7e-m/nofp\libgcc.a(_aeabi_uldivmod.o) (__udivmoddi4)
C:/PROGRA~2/ARMGNU~1/14EFD8~1.2RE/bin/../lib/gcc/arm-none-eabi/14.2.1/thumb/v7e-m/nofp\libgcc.a(_dvmd_tls.o)
                              C:/PROGRA~2/ARMGNU~1/14EFD8~1.2RE/bin/../lib/gcc/arm-none-eabi/14.2.1/thumb/v7e-m/nofp\libgcc.a(_aeabi_uldivmod.o) (__aeabi_ldiv0)
C:/PROGRA~2/ARMGNU~1/14EFD8~1.2RE/bin/../lib/gcc/arm-none-eabi/14.2.1/thumb/v7e-m/nofp\libg.a(libc_a-exit.o)
                              C:/PROGRA~2/ARMGNU~1/14EFD8~1.2RE/bin/../lib/gcc/arm-none-eabi/14.2.1/thumb/v7e-m/nofp/crt0.o (exit)
C:/PROGRA~2/ARMGNU~1/14EFD8~1.2RE/bin/../lib/gcc/arm-none-eabi/14.2.1/thumb/v7e-m/nofp\libg.a(libc_a-findfp.o)
                              C:/PROGRA~2/ARMGNU~1/14EFD8~1.2RE/bin/../lib/gcc/arm-none-eabi/14.2.1/thumb/v7e-m/nofp\libg.a(libc_a-exit.o) (__stdio_exit_handler)
C:/PROGRA~2/ARMGNU~1/14EFD8~1.2RE/bin/../lib/gcc/arm-none-eabi/14.2.1/thumb/v7e-m/nofp\libg.a(libc_a-fwalk.o)
                              C:/PROGRA~2/ARMGNU~1/14EFD8~1.2RE/bin/../lib/gcc/arm-none-eabi/14.2.1/thumb/v7e-m/nofp\libg.a(libc_a-findfp.o) (_fwalk_sglue)
C:/PROGRA~2/ARMGNU~1/14EFD8~1.2RE/bin/../lib/gcc/arm-none-eabi/14.2.1/thumb/v7e-m/nofp\libg.a(libc_a-printf.o)
                              CMakeFiles/smartwatch.elf.dir/Core/Src/max30102.c.obj (printf)
C:/PROGRA~2/ARMGNU~1/14EFD8~1.2RE/bin/../lib/gcc/arm-none-eabi/14.2.1/thumb/v7e-m/nofp\libg.a(libc_a-stdio.o)
                              C:/PROGRA~2/ARMGNU~1/14EFD8~1.2RE/bin/../lib/gcc/arm-none-eabi/14.2.1/thumb/v7e-m/nofp\libg.a(libc_a-findfp.o) (__sread)
C:/PROGRA~2/ARMGNU~1/14EFD8~1.2RE/bin/../lib/gcc/arm-none-eabi/14.2.1/thumb/v7e-m/nofp\libg.a(libc_a-memset.o)
                              C:/PROGRA~2/ARMGNU~1/14EFD8~1.2RE/bin/../lib/gcc/arm-none-eabi/14.2.1/thumb/v7e-m/nofp/crt0.o (memset)
C:/PROGRA~2/ARMGNU~1/14EFD8~1.2RE/bin/../lib/gcc/arm-none-eabi/14.2.1/thumb/v7e-m/nofp\libg.a(libc_a-closer.o)
                              C:/PROGRA~2/ARMGNU~1/14EFD8~1.2RE/bin/../lib/gcc/arm-none-eabi/14.2.1/thumb/v7e-m/nofp\libg.a(libc_a-stdio.o) (_close_r)
C:/PROGRA~2/ARMGNU~1/14EFD8~1.2RE/bin/../lib/gcc/arm-none-eabi/14.2.1/thumb/v7e-m/nofp\libg.a(libc_a-reent.o)
                              C:/PROGRA~2/ARMGNU~1/14EFD8~1.2RE/bin/../lib/gcc/arm-none-eabi/14.2.1/thumb/v7e-m/nofp\libg.a(libc_a-closer.o) (errno)
C:/PROGRA~2/ARMGNU~1/14EFD8~1.2RE/bin/../lib/gcc/arm-none-eabi/14.2.1/thumb/v7e-m/nofp\libg.a(libc_a-impure.o)
                              C:/PROGRA~2/ARMGNU~1/14EFD8~1.2RE/bin/../lib/gcc/arm-none-eabi/14.2.1/thumb/v7e-m/nofp\libg.a(libc_a-printf.o) (_impure_ptr)
C:/PROGRA~2/ARMGNU~1/14EFD8~1.2RE/bin/../lib/gcc/arm-none-eabi/14.2.1/thumb/v7e-m/nofp\libg.a(libc_a-lseekr.o)
[...]
Memory Configuration

Name             Origin             Length             Attributes
RAM              0x20000000         0x0000c000         xrw
RAM2             0x10000000         0x00004000         xrw
FLASH            0x08000000         0x00040000         xr
*default*        0x00000000         0xffffffff

Linker script and memory map

LOAD C:/PROGRA~2/ARMGNU~1/14EFD8~1.2RE/bin/../lib/gcc/arm-none-eabi/14.2.1/thumb/v7e-m/nofp/crti.o
LOAD C:/PROGRA~2/ARMGNU~1/14EFD8~1.2RE/bin/../lib/gcc/arm-none-eabi/14.2.1/thumb/v7e-m/nofp/crtbegin.o
LOAD C:/PROGRA~2/ARMGNU~1/14EFD8~1.2RE/bin/../lib/gcc/arm-none-eabi/14.2.1/thumb/v7e-m/nofp/crt0.o
LOAD CMakeFiles/smartwatch.elf.dir/Core/Src/accel.c.obj
LOAD CMakeFiles/smartwatch.elf.dir/Core/Src/heartrate.c.obj
LOAD CMakeFiles/smartwatch.elf.dir/Core/Src/lcd.c.obj
LOAD CMakeFiles/smartwatch.elf.dir/Core/Src/main.c.obj
LOAD CMakeFiles/smartwatch.elf.dir/Core/Src/max30102.c.obj
LOAD CMakeFiles/smartwatch.elf.dir/Core/Src/rasterizer.c.obj
LOAD CMakeFiles/smartwatch.elf.dir/Core/Src/spo2.c.obj
LOAD CMakeFiles/smartwatch.elf.dir/Core/Src/stm32l4xx_hal_msp.c.obj
LOAD CMakeFiles/smartwatch.elf.dir/Core/Src/stm32l4xx_it.c.obj
LOAD CMakeFiles/smartwatch.elf.dir/Core/Src/syscalls.c.obj
LOAD CMakeFiles/smartwatch.elf.dir/Core/Src/sysmem.c.obj
LOAD CMakeFiles/smartwatch.elf.dir/Core/Src/system_stm32l4xx.c.obj
LOAD CMakeFiles/smartwatch.elf.dir/Core/Startup/startup_stm32l433rctx.s.obj
LOAD CMakeFiles/smartwatch.elf.dir/Drivers/STM32L4xx_HAL_Driver/Src/stm32l4xx_hal.c.obj
LOAD CMakeFiles/smartwatch.elf.dir/Drivers/STM32L4xx_HAL_Driver/Src/stm32l4xx_hal_cortex.c.obj
LOAD CMakeFiles/smartwatch.elf.dir/Drivers/STM32L4xx_HAL_Driver/Src/stm32l4xx_hal_dma.c.obj
LOAD CMakeFiles/smartwatch.elf.dir/Drivers/STM32L4xx_HAL_Driver/Src/stm32l4xx_hal_dma_ex.c.obj
LOAD CMakeFiles/smartwatch.elf.dir/Drivers/STM32L4xx_HAL_Driver/Src/stm32l4xx_hal_exti.c.obj
LOAD CMakeFiles/smartwatch.elf.dir/Drivers/STM32L4xx_HAL_Driver/Src/stm32l4xx_hal_flash.c.obj
LOAD CMakeFiles/smartwatch.elf.dir/Drivers/STM32L4xx_HAL_Driver/Src/stm32l4xx_hal_flash_ex.c.obj
LOAD CMakeFiles/smartwatch.elf.dir/Drivers/STM32L4xx_HAL_Driver/Src/stm32l4xx_hal_flash_ramfunc.c.obj
LOAD CMakeFiles/smartwatch.elf.dir/Drivers/STM32L4xx_HAL_Driver/Src/stm32l4xx_hal_gpio.c.obj
LOAD CMakeFiles/smartwatch.elf.dir/Drivers/STM32L4xx_HAL_Driver/Src/stm32l4xx_hal_i2c.c.obj
LOAD CMakeFiles/smartwatch.elf.dir/Drivers/STM32L4xx_HAL_Driver/Src/stm32l4xx_hal_i2c_ex.c.obj
LOAD CMakeFiles/smartwatch.elf.dir/Drivers/STM32L4xx_HAL_Driver/Src/stm32l4xx_hal_pwr.c.obj
LOAD CMakeFiles/smartwatch.elf.dir/Drivers/STM32L4xx_HAL_Driver/Src/stm32l4xx_hal_pwr_ex.c.obj
LOAD CMakeFiles/smartwatch.elf.dir/Drivers/STM32L4xx_HAL_Driver/Src/stm32l4xx_hal_rcc.c.obj
LOAD CMakeFiles/smartwatch.elf.dir/Drivers/STM32L4xx_HAL_Driver/Src/stm32l4xx_hal_rcc_ex.c.obj
LOAD CMakeFiles/smartwatch.elf.dir/Drivers/STM32L4xx_HAL_Driver/Src/stm32l4xx_hal_rtc.c.obj
LOAD CMakeFiles/smartwatch.elf.dir/Drivers/STM32L4xx_HAL_Driver/Src/stm32l4xx_hal_rtc_ex.c.obj
LOAD CMakeFiles/smartwatch.elf.dir/Drivers/STM32L4xx_HAL_Driver/Src/stm32l4xx_hal_spi.c.obj
LOAD CMakeFiles/smartwatch.elf.dir/Drivers/STM32L4xx_HAL_Driver/Src/stm32l4xx_hal_spi_ex.c.obj
LOAD CMakeFiles/smartwatch.elf.dir/Drivers/STM32L4xx_HAL_Driver/Src/stm32l4xx_hal_tim.c.obj
LOAD CMakeFiles/smartwatch.elf.dir/Drivers/STM32L4xx_HAL_Driver/Src/stm32l4xx_hal_tim_ex.c.obj
LOAD CMakeFiles/smartwatch.elf.dir/Drivers/STM32L4xx_HAL_Driver/Src/stm32l4xx_hal_uart.c.obj
LOAD CMakeFiles/smartwatch.elf.dir/Drivers/STM32L4xx_HAL_Driver/Src/stm32l4xx_hal_uart_ex.c.obj
START GROUP
LOAD C:/PROGRA~2/ARMGNU~1/14EFD8~1.2RE/bin/../lib/gcc/arm-none-eabi/14.2.1/thumb/v7e-m/nofp\libgcc.a
LOAD C:/PROGRA~2/ARMGNU~1/14EFD8~1.2RE/bin/../lib/gcc/arm-none-eabi/14.2.1/thumb/v7e-m/nofp\libg.a
LOAD C:/PROGRA~2/ARMGNU~1/14EFD8~1.2RE/bin/../lib/gcc/arm-none-eabi/14.2.1/thumb/v7e-m/nofp\libc.a
END GROUP
LOAD C:/PROGRA~2/ARMGNU~1/14EFD8~1.2RE/bin/../lib/gcc/arm-none-eabi/14.2.1/thumb/v7e-m/nofp/crtend.o
LOAD C:/PROGRA~2/ARMGNU~1/14EFD8~1.2RE/bin/../lib/gcc/arm-none-eabi/14.2.1/thumb/v7e-m/nofp/crtn.o
                0x2000c000                        _estack = (ORIGIN (RAM) + LENGTH (RAM))
                0x00000200                        _Min_Heap_Size = 0x200
                0x00000400                        _Min_Stack_Size = 0x400

.isr_vector     0x08000000      0x18c
                0x08000000                        . = ALIGN (0x4)
 *(.isr_vector)
 .isr_vector    0x08000000      0x18c CMakeFiles/smartwatch.elf.dir/Core/Startup/startup_stm32l433rctx.s.obj
                0x08000000                g_pfnVectors
                0x0800018c                        . = ALIGN (0x4)

.text           0x080001c0     0xd244
                0x080001c0                        . = ALIGN (0x4)
 *(.text)
 .text          0x080001c0      0x378 C:/PROGRA~2/ARMGNU~1/14EFD8~1.2RE/bin/../lib/gcc/arm-none-eabi/14.2.1/thumb/v7e-m/nofp\libgcc.a(_arm_addsubdf3.o)
                0x080001c0                __aeabi_drsub
                0x080001c8                __aeabi_dsub
                0x080001c8                __subdf3
                0x080001cc                __aeabi_dadd
                0x080001cc                __adddf3
                0x08000444                __floatunsidf
                0x08000444                __aeabi_ui2d
                0x08000464                __floatsidf
                0x08000464                __aeabi_i2d
                0x08000488                __aeabi_f2d
                0x08000488                __extendsfdf2
                0x080004cc                __floatundidf
                0x080004cc                __aeabi_ul2d
                0x080004dc                __floatdidf
                0x080004dc                __aeabi_l2d
 .text          0x08000538      0x424 C:/PROGRA~2/ARMGNU~1/14EFD8~1.2RE/bin/../lib/gcc/arm-none-eabi/14.2.1/thumb/v7e-m/nofp\libgcc.a(_arm_muldivdf3.o)
                0x08000538                __aeabi_dmul
                0x08000538                __muldf3
                0x0800078c                __divdf3
                0x0800078c                __aeabi_ddiv
 .text          0x0800095c      0x21c C:/PROGRA~2/ARMGNU~1/14EFD8~1.2RE/bin/../lib/gcc/arm-none-eabi/14.2.1/thumb/v7e-m/nofp\libgcc.a(_arm_addsubsf3.o)
                0x0800095c                __aeabi_frsub
                0x08000964                __subsf3
                0x08000964                __aeabi_fsub
                0x08000968                __aeabi_fadd
                0x08000968                __addsf3
                0x08000ac8                __aeabi_ui2f
                0x08000ac8                __floatunsisf
                0x08000ad0                __aeabi_i2f
                0x08000ad0                __floatsisf
                0x08000aec                __aeabi_ul2f
                0x08000aec                __floatundisf
                0x08000afc                __aeabi_l2f
                0x08000afc                __floatdisf
 .text          0x08000b78       0x4c C:/PROGRA~2/ARMGNU~1/14EFD8~1.2RE/bin/../lib/gcc/arm-none-eabi/14.2.1/thumb/v7e-m/nofp\libgcc.a(_arm_fixsfsi.o)
                0x08000b78                __aeabi_f2iz
                0x08000b78                __fixsfsi
 .text          0x08000bc4       0x30 C:/PROGRA~2/ARMGNU~1/14EFD8~1.2RE/bin/../lib/gcc/arm-none-eabi/14.2.1/thumb/v7e-m/nofp\libgcc.a(_aeabi_uldivmod.o)
                0x08000bc4                __aeabi_uldivmod
 .text          0x08000bf4        0x4 C:/PROGRA~2/ARMGNU~1/14EFD8~1.2RE/bin/../lib/gcc/arm-none-eabi/14.2.1/thumb/v7e-m/nofp\libgcc.a(_dvmd_tls.o)
                0x08000bf4                __aeabi_idiv0
                0x08000bf4                __aeabi_ldiv0
 *fill*         0x08000bf8        0x8 
 .text          0x08000c00       0xa0 C:/PROGRA~2/ARMGNU~1/14EFD8~1.2RE/bin/../lib/gcc/arm-none-eabi/14.2.1/thumb/v7e-m/nofp\libg.a(libc_a-memchr.o)
                0x08000c00                memchr
 .text          0x08000ca0      0x134 C:/PROGRA~2/ARMGNU~1/14EFD8~1.2RE/bin/../lib/gcc/arm-none-eabi/14.2.1/thumb/v7e-m/nofp\libg.a(libc_a-memcpy.o)
                0x08000ca0                memcpy
 *fill*         0x08000dd4       0x2c 
 .text          0x08000e00       0xd8 C:/PROGRA~2/ARMGNU~1/14EFD8~1.2RE/bin/../lib/gcc/arm-none-eabi/14.2.1/thumb/v7e-m/nofp\libg.a(libc_a-strlen.o)
                0x08000e00                strlen
 .text          0x08000ed8      0x110 C:/PROGRA~2/ARMGNU~1/14EFD8~1.2RE/bin/../lib/gcc/arm-none-eabi/14.2.1/thumb/v7e-m/nofp\libgcc.a(_arm_cmpdf2.o)
                0x08000ed8                __gtdf2
                0x08000ed8                __gedf2
                0x08000ee0                __ltdf2
                0x08000ee0                __ledf2
                0x08000ee8                __nedf2
                0x08000ee8                __eqdf2
                0x08000ee8                __cmpdf2
                0x08000f64                __aeabi_cdrcmple
                0x08000f74                __aeabi_cdcmpeq
                0x08000f74                __aeabi_cdcmple
                0x08000f84                __aeabi_dcmpeq
                0x08000f98                __aeabi_dcmplt
                0x08000fac                __aeabi_dcmple
                0x08000fc0                __aeabi_dcmpge
                0x08000fd4                __aeabi_dcmpgt
 .text          0x08000fe8       0x2c C:/PROGRA~2/ARMGNU~1/14EFD8~1.2RE/bin/../lib/gcc/arm-none-eabi/14.2.1/thumb/v7e-m/nofp\libgcc.a(_arm_unorddf2.o)
                0x08000fe8                __unorddf2
                0x08000fe8                __aeabi_dcmpun
 .text          0x08001014       0x50 C:/PROGRA~2/ARMGNU~1/14EFD8~1.2RE/bin/../lib/gcc/arm-none-eabi/14.2.1/thumb/v7e-m/nofp\libgcc.a(_arm_fixdfsi.o)
                0x08001014                __aeabi_d2iz
                0x08001014                __fixdfsi
 .text          0x08001064      0x2a0 C:/PROGRA~2/ARMGNU~1/14EFD8~1.2RE/bin/../lib/gcc/arm-none-eabi/14.2.1/thumb/v7e-m/nofp\libgcc.a(_arm_muldivsf3.o)
                0x08001064                __mulsf3
                0x08001064                __aeabi_fmul
                0x080011cc                __aeabi_fdiv
                0x080011cc                __divsf3
 *(.text*)
 .text.deregister_tm_clones
                0x08001304       0x1c C:/PROGRA~2/ARMGNU~1/14EFD8~1.2RE/bin/../lib/gcc/arm-none-eabi/14.2.1/thumb/v7e-m/nofp/crtbegin.o
 .text.register_tm_clones
                0x08001320       0x24 C:/PROGRA~2/ARMGNU~1/14EFD8~1.2RE/bin/../lib/gcc/arm-none-eabi/14.2.1/thumb/v7e-m/nofp/crtbegin.o
 .text.__do_global_dtors_aux
                0x08001344       0x28 C:/PROGRA~2/ARMGNU~1/14EFD8~1.2RE/bin/../lib/gcc/arm-none-eabi/14.2.1/thumb/v7e-m/nofp/crtbegin.o
 .text.frame_dummy
                0x0800136c       0x24 C:/PROGRA~2/ARMGNU~1/14EFD8~1.2RE/bin/../lib/gcc/arm-none-eabi/14.2.1/thumb/v7e-m/nofp/crtbegin.o
 .text.ADXL362_WriteReg
                0x08001390       0x2c CMakeFiles/smartwatch.elf.dir/Core/Src/accel.c.obj
                0x08001390                ADXL362_WriteReg
 .text.ADXL362_SoftReset
                0x080013bc       0x12 CMakeFiles/smartwatch.elf.dir/Core/Src/accel.c.obj
                0x080013bc                ADXL362_SoftReset
 .text.ADXL362_Init
                0x080013ce       0x18 CMakeFiles/smartwatch.elf.dir/Core/Src/accel.c.obj
                0x080013ce                ADXL362_Init
 *fill*         0x080013e6        0x2 
 .text.ADXL362_ReadXYZ
                0x080013e8       0x68 CMakeFiles/smartwatch.elf.dir/Core/Src/accel.c.obj
                0x080013e8                ADXL362_ReadXYZ
 .text.send_byte
                0x08001450       0x4c CMakeFiles/smartwatch.elf.dir/Core/Src/lcd.c.obj
 .text.send_cmd
                0x0800149c       0x4c CMakeFiles/smartwatch.elf.dir/Core/Src/lcd.c.obj
 .text.screen_reset
                0x080014e8       0x40 CMakeFiles/smartwatch.elf.dir/Core/Src/lcd.c.obj
 .text.LCD_1IN28_InitReg
                0x08001528      0x328 CMakeFiles/smartwatch.elf.dir/Core/Src/lcd.c.obj
 .text.screen_init
                0x08001850       0x36 CMakeFiles/smartwatch.elf.dir/Core/Src/lcd.c.obj
                0x08001850                screen_init
 *fill*         0x08001886        0x2 
 .text.MX_GPIO_Init
                0x08001888       0xec CMakeFiles/smartwatch.elf.dir/Core/Src/main.c.obj
 .text.__io_putchar
                0x08001974       0x20 CMakeFiles/smartwatch.elf.dir/Core/Src/main.c.obj
                0x08001974                __io_putchar
 .text.Error_Handler
                0x08001994        0x4 CMakeFiles/smartwatch.elf.dir/Core/Src/main.c.obj
                0x08001994                Error_Handler
 .text.MX_TIM1_Init
                0x08001998       0xec CMakeFiles/smartwatch.elf.dir/Core/Src/main.c.obj
 .text.MX_TIM2_Init
                0x08001a84       0x78 CMakeFiles/smartwatch.elf.dir/Core/Src/main.c.obj
 .text.MX_USART3_UART_Init
                0x08001afc       0x38 CMakeFiles/smartwatch.elf.dir/Core/Src/main.c.obj
 .text.MX_I2C2_Init
                0x08001b34       0x54 CMakeFiles/smartwatch.elf.dir/Core/Src/main.c.obj
 .text.MX_LPUART1_UART_Init
                0x08001b88       0x34 CMakeFiles/smartwatch.elf.dir/Core/Src/main.c.obj
 .text.MX_SPI1_Init
                0x08001bbc       0x48 CMakeFiles/smartwatch.elf.dir/Core/Src/main.c.obj
 .text.MX_SPI3_Init
                0x08001c04       0x48 CMakeFiles/smartwatch.elf.dir/Core/Src/main.c.obj
 .text.MX_RTC_Init
                0x08001c4c       0xd8 CMakeFiles/smartwatch.elf.dir/Core/Src/main.c.obj
 .text.SystemClock_Config
                0x08001d24       0x7e CMakeFiles/smartwatch.elf.dir/Core/Src/main.c.obj
                0x08001d24                SystemClock_Config
 *fill*         0x08001da2        0x2 
 .text.main     0x08001da4       0x88 CMakeFiles/smartwatch.elf.dir/Core/Src/main.c.obj
                0x08001da4                main
 .text.read_byte
                0x08001e2c       0x6c CMakeFiles/smartwatch.elf.dir/Core/Src/max30102.c.obj
                0x08001e2c                read_byte
 .text.write_byte
                0x08001e98       0x40 CMakeFiles/smartwatch.elf.dir/Core/Src/max30102.c.obj
                0x08001e98                write_byte
 .text.bit_mask
                0x08001ed8       0x2a CMakeFiles/smartwatch.elf.dir/Core/Src/max30102.c.obj
                0x08001ed8                bit_mask
 .text.soft_reset
                0x08001f02       0x30 CMakeFiles/smartwatch.elf.dir/Core/Src/max30102.c.obj
                0x08001f02                soft_reset
 .text.max30102_init
                0x08001f32       0x80 CMakeFiles/smartwatch.elf.dir/Core/Src/max30102.c.obj
                0x08001f32                max30102_init
 *fill*         0x08001fb2        0x2 
 .text.set_pixel
                0x08001fb4       0x28 CMakeFiles/smartwatch.elf.dir/Core/Src/rasterizer.c.obj
 .text.font_init
                0x08001fdc       0x3c CMakeFiles/smartwatch.elf.dir/Core/Src/rasterizer.c.obj
                0x08001fdc                font_init
 .text.draw_char
                0x08002018       0x84 CMakeFiles/smartwatch.elf.dir/Core/Src/rasterizer.c.obj
                0x08002018                draw_char
 .text.draw_text
                0x0800209c       0xb8 CMakeFiles/smartwatch.elf.dir/Core/Src/rasterizer.c.obj
                0x0800209c                draw_text
 .text.HAL_MspInit
                0x08002154       0x30 CMakeFiles/smartwatch.elf.dir/Core/Src/stm32l4xx_hal_msp.c.obj
                0x08002154                HAL_MspInit
 .text.HAL_I2C_MspInit
                0x08002184       0x8c CMakeFiles/smartwatch.elf.dir/Core/Src/stm32l4xx_hal_msp.c.obj
                0x08002184                HAL_I2C_MspInit
 .text.HAL_UART_MspInit
                0x08002210      0x134 CMakeFiles/smartwatch.elf.dir/Core/Src/stm32l4xx_hal_msp.c.obj
                0x08002210                HAL_UART_MspInit
 .text.HAL_RTC_MspInit
                0x08002344       0x50 CMakeFiles/smartwatch.elf.dir/Core/Src/stm32l4xx_hal_msp.c.obj
                0x08002344                HAL_RTC_MspInit
 .text.HAL_SPI_MspInit
                0x08002394       0xb8 CMakeFiles/smartwatch.elf.dir/Core/Src/stm32l4xx_hal_msp.c.obj
                0x08002394                HAL_SPI_MspInit
 .text.HAL_TIM_Base_MspInit
                0x0800244c       0x2c CMakeFiles/smartwatch.elf.dir/Core/Src/stm32l4xx_hal_msp.c.obj
                0x0800244c                HAL_TIM_Base_MspInit
 .text.HAL_TIM_PWM_MspInit
                0x08002478       0x26 CMakeFiles/smartwatch.elf.dir/Core/Src/stm32l4xx_hal_msp.c.obj
                0x08002478                HAL_TIM_PWM_MspInit
 *fill*         0x0800249e        0x2 
 .text.HAL_TIM_MspPostInit
                0x080024a0       0x88 CMakeFiles/smartwatch.elf.dir/Core/Src/stm32l4xx_hal_msp.c.obj
                0x080024a0                HAL_TIM_MspPostInit
 .text.NMI_Handler
                0x08002528        0x2 CMakeFiles/smartwatch.elf.dir/Core/Src/stm32l4xx_it.c.obj
                0x08002528                NMI_Handler
 .text.HardFault_Handler
                0x0800252a        0x2 CMakeFiles/smartwatch.elf.dir/Core/Src/stm32l4xx_it.c.obj
                0x0800252a                HardFault_Handler
 .text.MemManage_Handler
                0x0800252c        0x2 CMakeFiles/smartwatch.elf.dir/Core/Src/stm32l4xx_it.c.obj
                0x0800252c                MemManage_Handler
 .text.BusFault_Handler
                0x0800252e        0x2 CMakeFiles/smartwatch.elf.dir/Core/Src/stm32l4xx_it.c.obj
                0x0800252e                BusFault_Handler
 .text.UsageFault_Handler
                0x08002530        0x2 CMakeFiles/smartwatch.elf.dir/Core/Src/stm32l4xx_it.c.obj
                0x08002530                UsageFault_Handler
 .text.SVC_Handler
                0x08002532        0x2 CMakeFiles/smartwatch.elf.dir/Core/Src/stm32l4xx_it.c.obj
                0x08002532                SVC_Handler
 .text.DebugMon_Handler
                0x08002534        0x2 CMakeFiles/smartwatch.elf.dir/Core/Src/stm32l4xx_it.c.obj
                0x08002534                DebugMon_Handler
 .text.PendSV_Handler
                0x08002536        0x2 CMakeFiles/smartwatch.elf.dir/Core/Src/stm32l4xx_it.c.obj
                0x08002536                PendSV_Handler
 .text.SysTick_Handler
                0x08002538        0xc CMakeFiles/smartwatch.elf.dir/Core/Src/stm32l4xx_it.c.obj
                0x08002538                SysTick_Handler
 .text.USART3_IRQHandler
                0x08002544       0x10 CMakeFiles/smartwatch.elf.dir/Core/Src/stm32l4xx_it.c.obj
                0x08002544                USART3_IRQHandler
 .text._getpid  0x08002554        0x4 CMakeFiles/smartwatch.elf.dir/Core/Src/syscalls.c.obj
                0x08002554                _getpid
 .text._kill    0x08002558       0x10 CMakeFiles/smartwatch.elf.dir/Core/Src/syscalls.c.obj
                0x08002558                _kill
 .text._exit    0x08002568        0xc CMakeFiles/smartwatch.elf.dir/Core/Src/syscalls.c.obj
                0x08002568                _exit
 .text._read    0x08002574       0x20 CMakeFiles/smartwatch.elf.dir/Core/Src/syscalls.c.obj
                0x08002574                _read
 .text._write   0x08002594       0x1c CMakeFiles/smartwatch.elf.dir/Core/Src/syscalls.c.obj
                0x08002594                _write
 .text._close   0x080025b0        0x6 CMakeFiles/smartwatch.elf.dir/Core/Src/syscalls.c.obj
                0x080025b0                _close
 .text._fstat   0x080025b6        0xa CMakeFiles/smartwatch.elf.dir/Core/Src/syscalls.c.obj
                0x080025b6                _fstat
 .text._isatty  0x080025c0        0x4 CMakeFiles/smartwatch.elf.dir/Core/Src/syscalls.c.obj
                0x080025c0                _isatty
 .text._lseek   0x080025c4        0x4 CMakeFiles/smartwatch.elf.dir/Core/Src/syscalls.c.obj
                0x080025c4                _lseek
 .text._sbrk    0x080025c8       0x48 CMakeFiles/smartwatch.elf.dir/Core/Src/sysmem.c.obj
                0x080025c8                _sbrk
 .text.SystemInit
                0x08002610        0x2 CMakeFiles/smartwatch.elf.dir/Core/Src/system_stm32l4xx.c.obj
                0x08002610                SystemInit
 *fill*         0x08002612        0x2 
 .text.Reset_Handler
                0x08002614       0x50 CMakeFiles/smartwatch.elf.dir/Core/Startup/startup_stm32l433rctx.s.obj
                0x08002614                Reset_Handler
 .text.Default_Handler
                0x08002664        0x2 CMakeFiles/smartwatch.elf.dir/Core/Startup/startup_stm32l433rctx.s.obj
                0x08002664                RTC_Alarm_IRQHandler
                0x08002664                EXTI2_IRQHandler
                0x08002664                TIM1_CC_IRQHandler
                0x08002664                TSC_IRQHandler
                0x08002664                TAMP_STAMP_IRQHandler
                0x08002664                EXTI3_IRQHandler
                0x08002664                LPTIM2_IRQHandler
                0x08002664                I2C3_ER_IRQHandler
                0x08002664                EXTI0_IRQHandler
                0x08002664                I2C2_EV_IRQHandler
                0x08002664                CAN1_RX0_IRQHandler
                0x08002664                FPU_IRQHandler
                0x08002664                TIM1_UP_TIM16_IRQHandler
                0x08002664                SPI1_IRQHandler
                0x08002664                TIM6_DAC_IRQHandler
                0x08002664                DMA2_Channel2_IRQHandler
                0x08002664                DMA1_Channel4_IRQHandler
                0x08002664                ADC1_IRQHandler
                0x08002664                DMA1_Channel7_IRQHandler
                0x08002664                CAN1_RX1_IRQHandler
                0x08002664                LCD_IRQHandler
                0x08002664                DMA2_Channel1_IRQHandler
                0x08002664                QUADSPI_IRQHandler
                0x08002664                I2C1_EV_IRQHandler
                0x08002664                DMA1_Channel6_IRQHandler
                0x08002664                DMA2_Channel4_IRQHandler
                0x08002664                RCC_IRQHandler
                0x08002664                TIM1_TRG_COM_IRQHandler
                0x08002664                DMA1_Channel1_IRQHandler
                0x08002664                Default_Handler
                0x08002664                DMA2_Channel7_IRQHandler
                0x08002664                EXTI15_10_IRQHandler
                0x08002664                TIM7_IRQHandler
                0x08002664                SDMMC1_IRQHandler
                0x08002664                I2C3_EV_IRQHandler
                0x08002664                USB_IRQHandler
                0x08002664                EXTI9_5_IRQHandler
                0x08002664                RTC_WKUP_IRQHandler
                0x08002664                PVD_PVM_IRQHandler
                0x08002664                SPI2_IRQHandler
                0x08002664                CAN1_TX_IRQHandler
                0x08002664                DMA2_Channel5_IRQHandler
                0x08002664                CRS_IRQHandler
                0x08002664                DMA1_Channel5_IRQHandler
                0x08002664                EXTI4_IRQHandler
                0x08002664                RNG_IRQHandler
                0x08002664                DMA1_Channel3_IRQHandler
                0x08002664                COMP_IRQHandler
                0x08002664                WWDG_IRQHandler
                0x08002664                LPUART1_IRQHandler
                0x08002664                DMA2_Channel6_IRQHandler
                0x08002664                TIM2_IRQHandler
                0x08002664                EXTI1_IRQHandler
                0x08002664                USART2_IRQHandler
                0x08002664                I2C2_ER_IRQHandler
                0x08002664                DMA1_Channel2_IRQHandler
                0x08002664                CAN1_SCE_IRQHandler
                0x08002664                FLASH_IRQHandler
                0x08002664                USART1_IRQHandler
                0x08002664                SPI3_IRQHandler
                0x08002664                I2C1_ER_IRQHandler
                0x08002664                SWPMI1_IRQHandler
                0x08002664                LPTIM1_IRQHandler
                0x08002664                SAI1_IRQHandler
                0x08002664                DMA2_Channel3_IRQHandler
                0x08002664                TIM1_BRK_TIM15_IRQHandler
 *fill*         0x08002666        0x2 
 .text.HAL_InitTick
                0x08002668       0x50 CMakeFiles/smartwatch.elf.dir/Drivers/STM32L4xx_HAL_Driver/Src/stm32l4xx_hal.c.obj
                0x08002668                HAL_InitTick
 .text.HAL_Init
                0x080026b8       0x1e CMakeFiles/smartwatch.elf.dir/Drivers/STM32L4xx_HAL_Driver/Src/stm32l4xx_hal.c.obj
                0x080026b8                HAL_Init
 *fill*         0x080026d6        0x2 
 .text.HAL_IncTick
                0x080026d8       0x18 CMakeFiles/smartwatch.elf.dir/Drivers/STM32L4xx_HAL_Driver/Src/stm32l4xx_hal.c.obj
                0x080026d8                HAL_IncTick
 .text.HAL_GetTick
                0x080026f0        0xc CMakeFiles/smartwatch.elf.dir/Drivers/STM32L4xx_HAL_Driver/Src/stm32l4xx_hal.c.obj
                0x080026f0                HAL_GetTick
 .text.HAL_Delay
                0x080026fc       0x28 CMakeFiles/smartwatch.elf.dir/Drivers/STM32L4xx_HAL_Driver/Src/stm32l4xx_hal.c.obj
                0x080026fc                HAL_Delay
 .text.__NVIC_EnableIRQ
                0x08002724       0x1c CMakeFiles/smartwatch.elf.dir/Drivers/STM32L4xx_HAL_Driver/Src/stm32l4xx_hal_cortex.c.obj
 .text.__NVIC_SetPriority
                0x08002740       0x28 CMakeFiles/smartwatch.elf.dir/Drivers/STM32L4xx_HAL_Driver/Src/stm32l4xx_hal_cortex.c.obj
 .text.NVIC_EncodePriority
                0x08002768       0x3e CMakeFiles/smartwatch.elf.dir/Drivers/STM32L4xx_HAL_Driver/Src/stm32l4xx_hal_cortex.c.obj
 *fill*         0x080027a6        0x2 
 .text.HAL_NVIC_SetPriorityGrouping
                0x080027a8       0x24 CMakeFiles/smartwatch.elf.dir/Drivers/STM32L4xx_HAL_Driver/Src/stm32l4xx_hal_cortex.c.obj
                0x080027a8                HAL_NVIC_SetPriorityGrouping
 .text.HAL_NVIC_SetPriority
                0x080027cc       0x20 CMakeFiles/smartwatch.elf.dir/Drivers/STM32L4xx_HAL_Driver/Src/stm32l4xx_hal_cortex.c.obj
                0x080027cc                HAL_NVIC_SetPriority
 .text.HAL_NVIC_EnableIRQ
                0x080027ec        0x8 CMakeFiles/smartwatch.elf.dir/Drivers/STM32L4xx_HAL_Driver/Src/stm32l4xx_hal_cortex.c.obj
                0x080027ec                HAL_NVIC_EnableIRQ
 .text.HAL_SYSTICK_Config
                0x080027f4       0x28 CMakeFiles/smartwatch.elf.dir/Drivers/STM32L4xx_HAL_Driver/Src/stm32l4xx_hal_cortex.c.obj
                0x080027f4                HAL_SYSTICK_Config
 .text.HAL_SYSTICK_Callback
                0x0800281c        0x2 CMakeFiles/smartwatch.elf.dir/Drivers/STM32L4xx_HAL_Driver/Src/stm32l4xx_hal_cortex.c.obj
                0x0800281c                HAL_SYSTICK_Callback
 .text.HAL_SYSTICK_IRQHandler
                0x0800281e        0x8 CMakeFiles/smartwatch.elf.dir/Drivers/STM32L4xx_HAL_Driver/Src/stm32l4xx_hal_cortex.c.obj
                0x0800281e                HAL_SYSTICK_IRQHandler
 .text.HAL_DMA_Abort
                0x08002826       0x48 CMakeFiles/smartwatch.elf.dir/Drivers/STM32L4xx_HAL_Driver/Src/stm32l4xx_hal_dma.c.obj
                0x08002826                HAL_DMA_Abort
 .text.HAL_DMA_Abort_IT
                0x0800286e       0x4e CMakeFiles/smartwatch.elf.dir/Drivers/STM32L4xx_HAL_Driver/Src/stm32l4xx_hal_dma.c.obj
                0x0800286e                HAL_DMA_Abort_IT
 .text.HAL_GPIO_Init
                0x080028bc      0x1d0 CMakeFiles/smartwatch.elf.dir/Drivers/STM32L4xx_HAL_Driver/Src/stm32l4xx_hal_gpio.c.obj
                0x080028bc                HAL_GPIO_Init
 .text.HAL_GPIO_WritePin
                0x08002a8c        0xa CMakeFiles/smartwatch.elf.dir/Drivers/STM32L4xx_HAL_Driver/Src/stm32l4xx_hal_gpio.c.obj
                0x08002a8c                HAL_GPIO_WritePin
 .text.I2C_Flush_TXDR
                0x08002a96       0x22 CMakeFiles/smartwatch.elf.dir/Drivers/STM32L4xx_HAL_Driver/Src/stm32l4xx_hal_i2c.c.obj
 .text.I2C_TransferConfig
                0x08002ab8       0x3a CMakeFiles/smartwatch.elf.dir/Drivers/STM32L4xx_HAL_Driver/Src/stm32l4xx_hal_i2c.c.obj
 .text.I2C_IsErrorOccurred
                0x08002af2      0x114 CMakeFiles/smartwatch.elf.dir/Drivers/STM32L4xx_HAL_Driver/Src/stm32l4xx_hal_i2c.c.obj
 .text.I2C_WaitOnTXISFlagUntilTimeout
                0x08002c06       0x60 CMakeFiles/smartwatch.elf.dir/Drivers/STM32L4xx_HAL_Driver/Src/stm32l4xx_hal_i2c.c.obj
 .text.I2C_WaitOnFlagUntilTimeout
                0x08002c66       0x7c CMakeFiles/smartwatch.elf.dir/Drivers/STM32L4xx_HAL_Driver/Src/stm32l4xx_hal_i2c.c.obj
 .text.I2C_WaitOnSTOPFlagUntilTimeout
                0x08002ce2       0x5e CMakeFiles/smartwatch.elf.dir/Drivers/STM32L4xx_HAL_Driver/Src/stm32l4xx_hal_i2c.c.obj
 .text.I2C_WaitOnRXNEFlagUntilTimeout
                0x08002d40       0xaa CMakeFiles/smartwatch.elf.dir/Drivers/STM32L4xx_HAL_Driver/Src/stm32l4xx_hal_i2c.c.obj
 .text.HAL_I2C_Init
                0x08002dea       0xc8 CMakeFiles/smartwatch.elf.dir/Drivers/STM32L4xx_HAL_Driver/Src/stm32l4xx_hal_i2c.c.obj
                0x08002dea                HAL_I2C_Init
 *fill*         0x08002eb2        0x2 
 .text.HAL_I2C_Master_Transmit
                0x08002eb4      0x1a4 CMakeFiles/smartwatch.elf.dir/Drivers/STM32L4xx_HAL_Driver/Src/stm32l4xx_hal_i2c.c.obj
                0x08002eb4                HAL_I2C_Master_Transmit
 .text.HAL_I2C_Master_Receive
                0x08003058      0x17c CMakeFiles/smartwatch.elf.dir/Drivers/STM32L4xx_HAL_Driver/Src/stm32l4xx_hal_i2c.c.obj
                0x08003058                HAL_I2C_Master_Receive
 .text.HAL_I2C_GetError
                0x080031d4        0x4 CMakeFiles/smartwatch.elf.dir/Drivers/STM32L4xx_HAL_Driver/Src/stm32l4xx_hal_i2c.c.obj
                0x080031d4                HAL_I2C_GetError
 .text.HAL_I2CEx_ConfigAnalogFilter
                0x080031d8       0x5a CMakeFiles/smartwatch.elf.dir/Drivers/STM32L4xx_HAL_Driver/Src/stm32l4xx_hal_i2c_ex.c.obj
                0x080031d8                HAL_I2CEx_ConfigAnalogFilter
 .text.HAL_I2CEx_ConfigDigitalFilter
                0x08003232       0x56 CMakeFiles/smartwatch.elf.dir/Drivers/STM32L4xx_HAL_Driver/Src/stm32l4xx_hal_i2c_ex.c.obj
                0x08003232                HAL_I2CEx_ConfigDigitalFilter
 .text.HAL_PWREx_GetVoltageRange
                0x08003288       0x10 CMakeFiles/smartwatch.elf.dir/Drivers/STM32L4xx_HAL_Driver/Src/stm32l4xx_hal_pwr_ex.c.obj
                0x08003288                HAL_PWREx_GetVoltageRange
 .text.HAL_PWREx_ControlVoltageScaling
                0x08003298       0x90 CMakeFiles/smartwatch.elf.dir/Drivers/STM32L4xx_HAL_Driver/Src/stm32l4xx_hal_pwr_ex.c.obj
                0x08003298                HAL_PWREx_ControlVoltageScaling
 .text.RCC_SetFlashLatencyFromMSIRange
                0x08003328       0x90 CMakeFiles/smartwatch.elf.dir/Drivers/STM32L4xx_HAL_Driver/Src/stm32l4xx_hal_rcc.c.obj
 .text.HAL_RCC_GetSysClockFreq
                0x080033b8       0xa8 CMakeFiles/smartwatch.elf.dir/Drivers/STM32L4xx_HAL_Driver/Src/stm32l4xx_hal_rcc.c.obj
                0x080033b8                HAL_RCC_GetSysClockFreq
 .text.HAL_RCC_OscConfig
                0x08003460      0x66c CMakeFiles/smartwatch.elf.dir/Drivers/STM32L4xx_HAL_Driver/Src/stm32l4xx_hal_rcc.c.obj
                0x08003460                HAL_RCC_OscConfig
 .text.HAL_RCC_ClockConfig
                0x08003acc      0x188 CMakeFiles/smartwatch.elf.dir/Drivers/STM32L4xx_HAL_Driver/Src/stm32l4xx_hal_rcc.c.obj
                0x08003acc                HAL_RCC_ClockConfig
 .text.HAL_RCC_GetHCLKFreq
                0x08003c54        0xc CMakeFiles/smartwatch.elf.dir/Drivers/STM32L4xx_HAL_Driver/Src/stm32l4xx_hal_rcc.c.obj
                0x08003c54                HAL_RCC_GetHCLKFreq
 .text.HAL_RCC_GetPCLK1Freq
                0x08003c60       0x24 CMakeFiles/smartwatch.elf.dir/Drivers/STM32L4xx_HAL_Driver/Src/stm32l4xx_hal_rcc.c.obj
                0x08003c60                HAL_RCC_GetPCLK1Freq
 .text.HAL_RCC_GetPCLK2Freq
                0x08003c84       0x24 CMakeFiles/smartwatch.elf.dir/Drivers/STM32L4xx_HAL_Driver/Src/stm32l4xx_hal_rcc.c.obj
                0x08003c84                HAL_RCC_GetPCLK2Freq
 .text.RCCEx_PLLSAI1_Config
                0x08003ca8      0x170 CMakeFiles/smartwatch.elf.dir/Drivers/STM32L4xx_HAL_Driver/Src/stm32l4xx_hal_rcc_ex.c.obj
 .text.HAL_RCCEx_PeriphCLKConfig
                0x08003e18      0x364 CMakeFiles/smartwatch.elf.dir/Drivers/STM32L4xx_HAL_Driver/Src/stm32l4xx_hal_rcc_ex.c.obj
                0x08003e18                HAL_RCCEx_PeriphCLKConfig
 .text.HAL_RTC_WaitForSynchro
                0x0800417c       0x34 CMakeFiles/smartwatch.elf.dir/Drivers/STM32L4xx_HAL_Driver/Src/stm32l4xx_hal_rtc.c.obj
                0x0800417c                HAL_RTC_WaitForSynchro
 .text.RTC_EnterInitMode
                0x080041b0       0x44 CMakeFiles/smartwatch.elf.dir/Drivers/STM32L4xx_HAL_Driver/Src/stm32l4xx_hal_rtc.c.obj
                0x080041b0                RTC_EnterInitMode
 .text.RTC_ExitInitMode
                0x080041f4       0x4c CMakeFiles/smartwatch.elf.dir/Drivers/STM32L4xx_HAL_Driver/Src/stm32l4xx_hal_rtc.c.obj
                0x080041f4                RTC_ExitInitMode
 .text.HAL_RTC_Init
                0x08004240       0xa6 CMakeFiles/smartwatch.elf.dir/Drivers/STM32L4xx_HAL_Driver/Src/stm32l4xx_hal_rtc.c.obj
                0x08004240                HAL_RTC_Init
 .text.RTC_ByteToBcd2
                0x080042e6       0x16 CMakeFiles/smartwatch.elf.dir/Drivers/STM32L4xx_HAL_Driver/Src/stm32l4xx_hal_rtc.c.obj
                0x080042e6                RTC_ByteToBcd2
 .text.HAL_RTC_SetTime
                0x080042fc       0xcc CMakeFiles/smartwatch.elf.dir/Drivers/STM32L4xx_HAL_Driver/Src/stm32l4xx_hal_rtc.c.obj
                0x080042fc                HAL_RTC_SetTime
 .text.HAL_RTC_SetDate
                0x080043c8       0xa4 CMakeFiles/smartwatch.elf.dir/Drivers/STM32L4xx_HAL_Driver/Src/stm32l4xx_hal_rtc.c.obj
                0x080043c8                HAL_RTC_SetDate
 .text.HAL_RTC_SetAlarm
                0x0800446c      0x18a CMakeFiles/smartwatch.elf.dir/Drivers/STM32L4xx_HAL_Driver/Src/stm32l4xx_hal_rtc.c.obj
                0x0800446c                HAL_RTC_SetAlarm
 *fill*         0x080045f6        0x2 
 .text.SPI_WaitFlagStateUntilTimeout
                0x080045f8       0xc8 CMakeFiles/smartwatch.elf.dir/Drivers/STM32L4xx_HAL_Driver/Src/stm32l4xx_hal_spi.c.obj
 .text.SPI_WaitFifoStateUntilTimeout
                0x080046c0       0xf0 CMakeFiles/smartwatch.elf.dir/Drivers/STM32L4xx_HAL_Driver/Src/stm32l4xx_hal_spi.c.obj
 .text.SPI_EndRxTxTransaction
                0x080047b0       0x62 CMakeFiles/smartwatch.elf.dir/Drivers/STM32L4xx_HAL_Driver/Src/stm32l4xx_hal_spi.c.obj
 .text.SPI_EndRxTransaction
                0x08004812       0x82 CMakeFiles/smartwatch.elf.dir/Drivers/STM32L4xx_HAL_Driver/Src/stm32l4xx_hal_spi.c.obj
 .text.HAL_SPI_Init
                0x08004894       0xde CMakeFiles/smartwatch.elf.dir/Drivers/STM32L4xx_HAL_Driver/Src/stm32l4xx_hal_spi.c.obj
                0x08004894                HAL_SPI_Init
 .text.HAL_SPI_Transmit
                0x08004972      0x20a CMakeFiles/smartwatch.elf.dir/Drivers/STM32L4xx_HAL_Driver/Src/stm32l4xx_hal_spi.c.obj
                0x08004972                HAL_SPI_Transmit
 .text.HAL_SPI_TransmitReceive
                0x08004b7c      0x2fc CMakeFiles/smartwatch.elf.dir/Drivers/STM32L4xx_HAL_Driver/Src/stm32l4xx_hal_spi.c.obj
                0x08004b7c                HAL_SPI_TransmitReceive
 .text.HAL_SPI_Receive
                0x08004e78      0x1b4 CMakeFiles/smartwatch.elf.dir/Drivers/STM32L4xx_HAL_Driver/Src/stm32l4xx_hal_spi.c.obj
                0x08004e78                HAL_SPI_Receive
 .text.TIM_OC1_SetConfig
                0x0800502c       0x7c CMakeFiles/smartwatch.elf.dir/Drivers/STM32L4xx_HAL_Driver/Src/stm32l4xx_hal_tim.c.obj
 .text.TIM_OC3_SetConfig
                0x080050a8       0x70 CMakeFiles/smartwatch.elf.dir/Drivers/STM32L4xx_HAL_Driver/Src/stm32l4xx_hal_tim.c.obj
 .text.TIM_OC4_SetConfig
                0x08005118       0x5c CMakeFiles/smartwatch.elf.dir/Drivers/STM32L4xx_HAL_Driver/Src/stm32l4xx_hal_tim.c.obj
 .text.TIM_OC5_SetConfig
                0x08005174       0x58 CMakeFiles/smartwatch.elf.dir/Drivers/STM32L4xx_HAL_Driver/Src/stm32l4xx_hal_tim.c.obj
 .text.TIM_OC6_SetConfig
                0x080051cc       0x5c CMakeFiles/smartwatch.elf.dir/Drivers/STM32L4xx_HAL_Driver/Src/stm32l4xx_hal_tim.c.obj
 .text.TIM_TI1_ConfigInputStage
                0x08005228       0x24 CMakeFiles/smartwatch.elf.dir/Drivers/STM32L4xx_HAL_Driver/Src/stm32l4xx_hal_tim.c.obj
 .text.TIM_TI2_ConfigInputStage
                0x0800524c       0x26 CMakeFiles/smartwatch.elf.dir/Drivers/STM32L4xx_HAL_Driver/Src/stm32l4xx_hal_tim.c.obj
 .text.TIM_ITRx_SetConfig
                0x08005272       0x10 CMakeFiles/smartwatch.elf.dir/Drivers/STM32L4xx_HAL_Driver/Src/stm32l4xx_hal_tim.c.obj
 *fill*         0x08005282        0x2 
 .text.TIM_Base_SetConfig
                0x08005284       0x80 CMakeFiles/smartwatch.elf.dir/Drivers/STM32L4xx_HAL_Driver/Src/stm32l4xx_hal_tim.c.obj
                0x08005284                TIM_Base_SetConfig
 .text.HAL_TIM_Base_Init
                0x08005304       0x60 CMakeFiles/smartwatch.elf.dir/Drivers/STM32L4xx_HAL_Driver/Src/stm32l4xx_hal_tim.c.obj
                0x08005304                HAL_TIM_Base_Init
 .text.HAL_TIM_PWM_Init
                0x08005364       0x60 CMakeFiles/smartwatch.elf.dir/Drivers/STM32L4xx_HAL_Driver/Src/stm32l4xx_hal_tim.c.obj
                0x08005364                HAL_TIM_PWM_Init
 .text.TIM_OC2_SetConfig
                0x080053c4       0x74 CMakeFiles/smartwatch.elf.dir/Drivers/STM32L4xx_HAL_Driver/Src/stm32l4xx_hal_tim.c.obj
                0x080053c4                TIM_OC2_SetConfig
 .text.HAL_TIM_PWM_ConfigChannel
                0x08005438      0x13a CMakeFiles/smartwatch.elf.dir/Drivers/STM32L4xx_HAL_Driver/Src/stm32l4xx_hal_tim.c.obj
                0x08005438                HAL_TIM_PWM_ConfigChannel
 .text.TIM_ETR_SetConfig
                0x08005572       0x18 CMakeFiles/smartwatch.elf.dir/Drivers/STM32L4xx_HAL_Driver/Src/stm32l4xx_hal_tim.c.obj
                0x08005572                TIM_ETR_SetConfig
 *fill*         0x0800558a        0x2 
 .text.HAL_TIM_ConfigClockSource
                0x0800558c      0x100 CMakeFiles/smartwatch.elf.dir/Drivers/STM32L4xx_HAL_Driver/Src/stm32l4xx_hal_tim.c.obj
                0x0800558c                HAL_TIM_ConfigClockSource
 .text.HAL_TIMEx_MasterConfigSynchronization
                0x0800568c       0x70 CMakeFiles/smartwatch.elf.dir/Drivers/STM32L4xx_HAL_Driver/Src/stm32l4xx_hal_tim_ex.c.obj
                0x0800568c                HAL_TIMEx_MasterConfigSynchronization
 .text.HAL_TIMEx_ConfigBreakDeadTime
                0x080056fc       0x88 CMakeFiles/smartwatch.elf.dir/Drivers/STM32L4xx_HAL_Driver/Src/stm32l4xx_hal_tim_ex.c.obj
                0x080056fc                HAL_TIMEx_ConfigBreakDeadTime
 .text.UART_EndRxTransfer
                0x08005784       0x52 CMakeFiles/smartwatch.elf.dir/Drivers/STM32L4xx_HAL_Driver/Src/stm32l4xx_hal_uart.c.obj
 .text.HAL_UART_TxCpltCallback
                0x080057d6        0x2 CMakeFiles/smartwatch.elf.dir/Drivers/STM32L4xx_HAL_Driver/Src/stm32l4xx_hal_uart.c.obj
                0x080057d6                HAL_UART_TxCpltCallback
 .text.UART_EndTransmit_IT
                0x080057d8       0x22 CMakeFiles/smartwatch.elf.dir/Drivers/STM32L4xx_HAL_Driver/Src/stm32l4xx_hal_uart.c.obj
 .text.HAL_UART_RxCpltCallback
                0x080057fa        0x2 CMakeFiles/smartwatch.elf.dir/Drivers/STM32L4xx_HAL_Driver/Src/stm32l4xx_hal_uart.c.obj
                0x080057fa                HAL_UART_RxCpltCallback
 .text.HAL_UART_ErrorCallback
                0x080057fc        0x2 CMakeFiles/smartwatch.elf.dir/Drivers/STM32L4xx_HAL_Driver/Src/stm32l4xx_hal_uart.c.obj
                0x080057fc                HAL_UART_ErrorCallback
 .text.UART_DMAAbortOnError
                0x080057fe       0x14 CMakeFiles/smartwatch.elf.dir/Drivers/STM32L4xx_HAL_Driver/Src/stm32l4xx_hal_uart.c.obj
 .text.HAL_UARTEx_RxEventCallback
                0x08005812        0x2 CMakeFiles/smartwatch.elf.dir/Drivers/STM32L4xx_HAL_Driver/Src/stm32l4xx_hal_uart.c.obj
                0x08005812                HAL_UARTEx_RxEventCallback
 .text.HAL_UART_IRQHandler
                0x08005814      0x308 CMakeFiles/smartwatch.elf.dir/Drivers/STM32L4xx_HAL_Driver/Src/stm32l4xx_hal_uart.c.obj
                0x08005814                HAL_UART_IRQHandler
 .text.UART_RxISR_8BIT
                0x08005b1c       0xdc CMakeFiles/smartwatch.elf.dir/Drivers/STM32L4xx_HAL_Driver/Src/stm32l4xx_hal_uart.c.obj
 .text.UART_RxISR_16BIT
                0x08005bf8       0xdc CMakeFiles/smartwatch.elf.dir/Drivers/STM32L4xx_HAL_Driver/Src/stm32l4xx_hal_uart.c.obj
 .text.UART_SetConfig
                0x08005cd4      0x29c CMakeFiles/smartwatch.elf.dir/Drivers/STM32L4xx_HAL_Driver/Src/stm32l4xx_hal_uart.c.obj
                0x08005cd4                UART_SetConfig
 .text.UART_AdvFeatureConfig
                0x08005f70       0xca CMakeFiles/smartwatch.elf.dir/Drivers/STM32L4xx_HAL_Driver/Src/stm32l4xx_hal_uart.c.obj
                0x08005f70                UART_AdvFeatureConfig
 .text.UART_WaitOnFlagUntilTimeout
                0x0800603a       0x9e CMakeFiles/smartwatch.elf.dir/Drivers/STM32L4xx_HAL_Driver/Src/stm32l4xx_hal_uart.c.obj
                0x0800603a                UART_WaitOnFlagUntilTimeout
 .text.HAL_UART_Transmit
                0x080060d8       0xc8 CMakeFiles/smartwatch.elf.dir/Drivers/STM32L4xx_HAL_Driver/Src/stm32l4xx_hal_uart.c.obj
                0x080060d8                HAL_UART_Transmit
 .text.UART_CheckIdleState
                0x080061a0       0xc6 CMakeFiles/smartwatch.elf.dir/Drivers/STM32L4xx_HAL_Driver/Src/stm32l4xx_hal_uart.c.obj
                0x080061a0                UART_CheckIdleState
 .text.HAL_UART_Init
                0x08006266       0x62 CMakeFiles/smartwatch.elf.dir/Drivers/STM32L4xx_HAL_Driver/Src/stm32l4xx_hal_uart.c.obj
                0x08006266                HAL_UART_Init
 .text.UART_Start_Receive_IT
                0x080062c8       0xd4 CMakeFiles/smartwatch.elf.dir/Drivers/STM32L4xx_HAL_Driver/Src/stm32l4xx_hal_uart.c.obj
                0x080062c8                UART_Start_Receive_IT
 .text.HAL_UART_Receive_IT
                0x0800639c       0x4c CMakeFiles/smartwatch.elf.dir/Drivers/STM32L4xx_HAL_Driver/Src/stm32l4xx_hal_uart.c.obj
                0x0800639c                HAL_UART_Receive_IT
 .text.HAL_UARTEx_WakeupCallback
                0x080063e8        0x2 CMakeFiles/smartwatch.elf.dir/Drivers/STM32L4xx_HAL_Driver/Src/stm32l4xx_hal_uart_ex.c.obj
                0x080063e8                HAL_UARTEx_WakeupCallback
 *fill*         0x080063ea        0x2 
 .text.__udivmoddi4
                0x080063ec      0x2f8 C:/PROGRA~2/ARMGNU~1/14EFD8~1.2RE/bin/../lib/gcc/arm-none-eabi/14.2.1/thumb/v7e-m/nofp\libgcc.a(_udivmoddi4.o)
                0x080063ec                __udivmoddi4
 .text.stdio_exit_handler
                0x080066e4       0x18 C:/PROGRA~2/ARMGNU~1/14EFD8~1.2RE/bin/../lib/gcc/arm-none-eabi/14.2.1/thumb/v7e-m/nofp\libg.a(libc_a-findfp.o)
 .text.cleanup_stdio
                0x080066fc       0x40 C:/PROGRA~2/ARMGNU~1/14EFD8~1.2RE/bin/../lib/gcc/arm-none-eabi/14.2.1/thumb/v7e-m/nofp\libg.a(libc_a-findfp.o)
 .text.global_stdio_init.part.0
                0x0800673c       0xf0 C:/PROGRA~2/ARMGNU~1/14EFD8~1.2RE/bin/../lib/gcc/arm-none-eabi/14.2.1/thumb/v7e-m/nofp\libg.a(libc_a-findfp.o)
 .text.__sinit  0x0800682c       0x3c C:/PROGRA~2/ARMGNU~1/14EFD8~1.2RE/bin/../lib/gcc/arm-none-eabi/14.2.1/thumb/v7e-m/nofp\libg.a(libc_a-findfp.o)
                0x0800682c                __sinit
 .text.__sfp_lock_acquire
                0x08006868        0xc C:/PROGRA~2/ARMGNU~1/14EFD8~1.2RE/bin/../lib/gcc/arm-none-eabi/14.2.1/thumb/v7e-m/nofp\libg.a(libc_a-findfp.o)
                0x08006868                __sfp_lock_acquire
 .text.__sfp_lock_release
                0x08006874        0xc C:/PROGRA~2/ARMGNU~1/14EFD8~1.2RE/bin/../lib/gcc/arm-none-eabi/14.2.1/thumb/v7e-m/nofp\libg.a(libc_a-findfp.o)
                0x08006874                __sfp_lock_release
 .text._fwalk_sglue
                0x08006880       0x44 C:/PROGRA~2/ARMGNU~1/14EFD8~1.2RE/bin/../lib/gcc/arm-none-eabi/14.2.1/thumb/v7e-m/nofp\libg.a(libc_a-fwalk.o)
                0x08006880                _fwalk_sglue
 .text.printf   0x080068c4       0x28 C:/PROGRA~2/ARMGNU~1/14EFD8~1.2RE/bin/../lib/gcc/arm-none-eabi/14.2.1/thumb/v7e-m/nofp\libg.a(libc_a-printf.o)
                0x080068c4                printf
 .text.__sread  0x080068ec       0x24 C:/PROGRA~2/ARMGNU~1/14EFD8~1.2RE/bin/../lib/gcc/arm-none-eabi/14.2.1/thumb/v7e-m/nofp\libg.a(libc_a-stdio.o)
                0x080068ec                __sread
 .text.__swrite
                0x08006910       0x40 C:/PROGRA~2/ARMGNU~1/14EFD8~1.2RE/bin/../lib/gcc/arm-none-eabi/14.2.1/thumb/v7e-m/nofp\libg.a(libc_a-stdio.o)
                0x08006910                __swrite
 .text.__sseek  0x08006950       0x24 C:/PROGRA~2/ARMGNU~1/14EFD8~1.2RE/bin/../lib/gcc/arm-none-eabi/14.2.1/thumb/v7e-m/nofp\libg.a(libc_a-stdio.o)
                0x08006950                __sseek
 .text.__sclose
                0x08006974        0x8 C:/PROGRA~2/ARMGNU~1/14EFD8~1.2RE/bin/../lib/gcc/arm-none-eabi/14.2.1/thumb/v7e-m/nofp\libg.a(libc_a-stdio.o)
                0x08006974                __sclose
 .text.memset   0x0800697c       0x9c C:/PROGRA~2/ARMGNU~1/14EFD8~1.2RE/bin/../lib/gcc/arm-none-eabi/14.2.1/thumb/v7e-m/nofp\libg.a(libc_a-memset.o)
                0x0800697c                memset
 .text._close_r
                0x08006a18       0x24 C:/PROGRA~2/ARMGNU~1/14EFD8~1.2RE/bin/../lib/gcc/arm-none-eabi/14.2.1/thumb/v7e-m/nofp\libg.a(libc_a-closer.o)
                0x08006a18                _close_r
 .text._lseek_r
                0x08006a3c       0x2c C:/PROGRA~2/ARMGNU~1/14EFD8~1.2RE/bin/../lib/gcc/arm-none-eabi/14.2.1/thumb/v7e-m/nofp\libg.a(libc_a-lseekr.o)
                0x08006a3c                _lseek_r
 .text._read_r  0x08006a68       0x2c C:/PROGRA~2/ARMGNU~1/14EFD8~1.2RE/bin/../lib/gcc/arm-none-eabi/14.2.1/thumb/v7e-m/nofp\libg.a(libc_a-readr.o)
                0x08006a68                _read_r
 .text._write_r
                0x08006a94       0x2c C:/PROGRA~2/ARMGNU~1/14EFD8~1.2RE/bin/../lib/gcc/arm-none-eabi/14.2.1/thumb/v7e-m/nofp\libg.a(libc_a-writer.o)
                0x08006a94                _write_r
 .text.__errno  0x08006ac0        0xc C:/PROGRA~2/ARMGNU~1/14EFD8~1.2RE/bin/../lib/gcc/arm-none-eabi/14.2.1/thumb/v7e-m/nofp\libg.a(libc_a-errno.o)
                0x08006ac0                __errno
 .text.__libc_init_array
                0x08006acc       0x50 C:/PROGRA~2/ARMGNU~1/14EFD8~1.2RE/bin/../lib/gcc/arm-none-eabi/14.2.1/thumb/v7e-m/nofp\libg.a(libc_a-init.o)
                0x08006acc                __libc_init_array
 .text.__retarget_lock_init_recursive
                0x08006b1c        0x4 C:/PROGRA~2/ARMGNU~1/14EFD8~1.2RE/bin/../lib/gcc/arm-none-eabi/14.2.1/thumb/v7e-m/nofp\libg.a(libc_a-lock.o)
                0x08006b1c                __retarget_lock_init_recursive
 .text.__retarget_lock_close_recursive
                0x08006b20        0x4 C:/PROGRA~2/ARMGNU~1/14EFD8~1.2RE/bin/../lib/gcc/arm-none-eabi/14.2.1/thumb/v7e-m/nofp\libg.a(libc_a-lock.o)
                0x08006b20                __retarget_lock_close_recursive
 .text.__retarget_lock_acquire_recursive
                0x08006b24        0x4 C:/PROGRA~2/ARMGNU~1/14EFD8~1.2RE/bin/../lib/gcc/arm-none-eabi/14.2.1/thumb/v7e-m/nofp\libg.a(libc_a-lock.o)
                0x08006b24                __retarget_lock_acquire_recursive
 .text.__retarget_lock_release_recursive
                0x08006b28        0x4 C:/PROGRA~2/ARMGNU~1/14EFD8~1.2RE/bin/../lib/gcc/arm-none-eabi/14.2.1/thumb/v7e-m/nofp\libg.a(libc_a-lock.o)
                0x08006b28                __retarget_lock_release_recursive
 .text.startup.register_fini
                0x08006b2c       0x14 C:/PROGRA~2/ARMGNU~1/14EFD8~1.2RE/bin/../lib/gcc/arm-none-eabi/14.2.1/thumb/v7e-m/nofp\libg.a(libc_a-__call_atexit.o)
 .text.atexit   0x08006b40        0xc C:/PROGRA~2/ARMGNU~1/14EFD8~1.2RE/bin/../lib/gcc/arm-none-eabi/14.2.1/thumb/v7e-m/nofp\libg.a(libc_a-atexit.o)
                0x08006b40                atexit
 .text._malloc_trim_r
                0x08006b4c       0xb8 C:/PROGRA~2/ARMGNU~1/14EFD8~1.2RE/bin/../lib/gcc/arm-none-eabi/14.2.1/thumb/v7e-m/nofp\libg.a(libc_a-freer.o)
                0x08006b4c                _malloc_trim_r
 .text._free_r  0x08006c04      0x1f0 C:/PROGRA~2/ARMGNU~1/14EFD8~1.2RE/bin/../lib/gcc/arm-none-eabi/14.2.1/thumb/v7e-m/nofp\libg.a(libc_a-freer.o)
                0x08006c04                _free_r
 .text._malloc_r
                0x08006df4      0x598 C:/PROGRA~2/ARMGNU~1/14EFD8~1.2RE/bin/../lib/gcc/arm-none-eabi/14.2.1/thumb/v7e-m/nofp\libg.a(libc_a-mallocr.o)
                0x08006df4                _malloc_r
 .text.__malloc_lock
                0x0800738c        0xc C:/PROGRA~2/ARMGNU~1/14EFD8~1.2RE/bin/../lib/gcc/arm-none-eabi/14.2.1/thumb/v7e-m/nofp\libg.a(libc_a-mlock.o)
                0x0800738c                __malloc_lock
 .text.__malloc_unlock
                0x08007398        0xc C:/PROGRA~2/ARMGNU~1/14EFD8~1.2RE/bin/../lib/gcc/arm-none-eabi/14.2.1/thumb/v7e-m/nofp\libg.a(libc_a-mlock.o)
                0x08007398                __malloc_unlock
 .text._vfprintf_r
                0x080073a4     0x2320 C:/PROGRA~2/ARMGNU~1/14EFD8~1.2RE/bin/../lib/gcc/arm-none-eabi/14.2.1/thumb/v7e-m/nofp\libg.a(libc_a-vfprintf.o)
                0x080073a4                _vfprintf_r
 .text.__sbprintf
                0x080096c4       0x84 C:/PROGRA~2/ARMGNU~1/14EFD8~1.2RE/bin/../lib/gcc/arm-none-eabi/14.2.1/thumb/v7e-m/nofp\libg.a(libc_a-vfprintf.o)
 .text.__sprint_r
                0x08009748       0x20 C:/PROGRA~2/ARMGNU~1/14EFD8~1.2RE/bin/../lib/gcc/arm-none-eabi/14.2.1/thumb/v7e-m/nofp\libg.a(libc_a-sprint_r.o)
                0x08009748                __sprint_r
 .text._fclose_r
                0x08009768       0xc0 C:/PROGRA~2/ARMGNU~1/14EFD8~1.2RE/bin/../lib/gcc/arm-none-eabi/14.2.1/thumb/v7e-m/nofp\libg.a(libc_a-fclose.o)
                0x08009768                _fclose_r
 .text.__sflush_r
                0x08009828      0x124 C:/PROGRA~2/ARMGNU~1/14EFD8~1.2RE/bin/../lib/gcc/arm-none-eabi/14.2.1/thumb/v7e-m/nofp\libg.a(libc_a-fflush.o)
                0x08009828                __sflush_r
 .text._fflush_r
                0x0800994c       0x54 C:/PROGRA~2/ARMGNU~1/14EFD8~1.2RE/bin/../lib/gcc/arm-none-eabi/14.2.1/thumb/v7e-m/nofp\libg.a(libc_a-fflush.o)
                0x0800994c                _fflush_r
 .text.__sfvwrite_r
                0x080099a0      0x2d8 C:/PROGRA~2/ARMGNU~1/14EFD8~1.2RE/bin/../lib/gcc/arm-none-eabi/14.2.1/thumb/v7e-m/nofp\libg.a(libc_a-fvwrite.o)
                0x080099a0                __sfvwrite_r
 .text.__swsetup_r
                0x08009c78       0xfc C:/PROGRA~2/ARMGNU~1/14EFD8~1.2RE/bin/../lib/gcc/arm-none-eabi/14.2.1/thumb/v7e-m/nofp\libg.a(libc_a-wsetup.o)
                0x08009c78                __swsetup_r
 .text.memmove  0x08009d74       0xf8 C:/PROGRA~2/ARMGNU~1/14EFD8~1.2RE/bin/../lib/gcc/arm-none-eabi/14.2.1/thumb/v7e-m/nofp\libg.a(libc_a-memmove.o)
                0x08009d74                memmove
 .text.strncpy  0x08009e6c       0x68 C:/PROGRA~2/ARMGNU~1/14EFD8~1.2RE/bin/../lib/gcc/arm-none-eabi/14.2.1/thumb/v7e-m/nofp\libg.a(libc_a-strncpy.o)
                0x08009e6c                strncpy
 .text.__locale_mb_cur_max
                0x08009ed4        0xc C:/PROGRA~2/ARMGNU~1/14EFD8~1.2RE/bin/../lib/gcc/arm-none-eabi/14.2.1/thumb/v7e-m/nofp\libg.a(libc_a-locale.o)
                0x08009ed4                __locale_mb_cur_max
 .text._localeconv_r
                0x08009ee0        0x8 C:/PROGRA~2/ARMGNU~1/14EFD8~1.2RE/bin/../lib/gcc/arm-none-eabi/14.2.1/thumb/v7e-m/nofp\libg.a(libc_a-localeconv.o)
                0x08009ee0                _localeconv_r
 .text._sbrk_r  0x08009ee8       0x24 C:/PROGRA~2/ARMGNU~1/14EFD8~1.2RE/bin/../lib/gcc/arm-none-eabi/14.2.1/thumb/v7e-m/nofp\libg.a(libc_a-sbrkr.o)
                0x08009ee8                _sbrk_r
 .text.__libc_fini_array
                0x08009f0c       0x28 C:/PROGRA~2/ARMGNU~1/14EFD8~1.2RE/bin/../lib/gcc/arm-none-eabi/14.2.1/thumb/v7e-m/nofp\libg.a(libc_a-fini.o)
                0x08009f0c                __libc_fini_array
 .text.sysconf  0x08009f34       0x1c C:/PROGRA~2/ARMGNU~1/14EFD8~1.2RE/bin/../lib/gcc/arm-none-eabi/14.2.1/thumb/v7e-m/nofp\libg.a(libc_a-sysconf.o)
                0x08009f34                sysconf
 .text.frexp    0x08009f50       0x6c C:/PROGRA~2/ARMGNU~1/14EFD8~1.2RE/bin/../lib/gcc/arm-none-eabi/14.2.1/thumb/v7e-m/nofp\libg.a(libm_a-s_frexp.o)
                0x08009f50                frexp
 .text.__register_exitproc
                0x08009fbc       0x80 C:/PROGRA~2/ARMGNU~1/14EFD8~1.2RE/bin/../lib/gcc/arm-none-eabi/14.2.1/thumb/v7e-m/nofp\libg.a(libc_a-__atexit.o)
                0x08009fbc                __register_exitproc
 .text.quorem   0x0800a03c      0x12c C:/PROGRA~2/ARMGNU~1/14EFD8~1.2RE/bin/../lib/gcc/arm-none-eabi/14.2.1/thumb/v7e-m/nofp\libg.a(libc_a-dtoa.o)
 .text._dtoa_r  0x0800a168     0x1044 C:/PROGRA~2/ARMGNU~1/14EFD8~1.2RE/bin/../lib/gcc/arm-none-eabi/14.2.1/thumb/v7e-m/nofp\libg.a(libc_a-dtoa.o)
                0x0800a168                _dtoa_r
 .text.__ascii_mbtowc
                0x0800b1ac       0x2c C:/PROGRA~2/ARMGNU~1/14EFD8~1.2RE/bin/../lib/gcc/arm-none-eabi/14.2.1/thumb/v7e-m/nofp\libg.a(libc_a-mbtowc_r.o)
                0x0800b1ac                __ascii_mbtowc
 .text._Balloc  0x0800b1d8       0x4c C:/PROGRA~2/ARMGNU~1/14EFD8~1.2RE/bin/../lib/gcc/arm-none-eabi/14.2.1/thumb/v7e-m/nofp\libg.a(libc_a-mprec.o)
                0x0800b1d8                _Balloc
 .text._Bfree   0x0800b224       0x14 C:/PROGRA~2/ARMGNU~1/14EFD8~1.2RE/bin/../lib/gcc/arm-none-eabi/14.2.1/thumb/v7e-m/nofp\libg.a(libc_a-mprec.o)
                0x0800b224                _Bfree
 .text.__multadd
                0x0800b238       0xa0 C:/PROGRA~2/ARMGNU~1/14EFD8~1.2RE/bin/../lib/gcc/arm-none-eabi/14.2.1/thumb/v7e-m/nofp\libg.a(libc_a-mprec.o)
                0x0800b238                __multadd
 .text.__hi0bits
                0x0800b2d8       0x54 C:/PROGRA~2/ARMGNU~1/14EFD8~1.2RE/bin/../lib/gcc/arm-none-eabi/14.2.1/thumb/v7e-m/nofp\libg.a(libc_a-mprec.o)
                0x0800b2d8                __hi0bits
 .text.__lo0bits
                0x0800b32c       0x80 C:/PROGRA~2/ARMGNU~1/14EFD8~1.2RE/bin/../lib/gcc/arm-none-eabi/14.2.1/thumb/v7e-m/nofp\libg.a(libc_a-mprec.o)
                0x0800b32c                __lo0bits
 .text.__i2b    0x0800b3ac       0x5c C:/PROGRA~2/ARMGNU~1/14EFD8~1.2RE/bin/../lib/gcc/arm-none-eabi/14.2.1/thumb/v7e-m/nofp\libg.a(libc_a-mprec.o)
                0x0800b3ac                __i2b
 .text.__multiply
                0x0800b408      0x16c C:/PROGRA~2/ARMGNU~1/14EFD8~1.2RE/bin/../lib/gcc/arm-none-eabi/14.2.1/thumb/v7e-m/nofp\libg.a(libc_a-mprec.o)
                0x0800b408                __multiply
 .text.__pow5mult
                0x0800b574       0xc0 C:/PROGRA~2/ARMGNU~1/14EFD8~1.2RE/bin/../lib/gcc/arm-none-eabi/14.2.1/thumb/v7e-m/nofp\libg.a(libc_a-mprec.o)
                0x0800b574                __pow5mult
 .text.__lshift
                0x0800b634       0xe8 C:/PROGRA~2/ARMGNU~1/14EFD8~1.2RE/bin/../lib/gcc/arm-none-eabi/14.2.1/thumb/v7e-m/nofp\libg.a(libc_a-mprec.o)
                0x0800b634                __lshift
 .text.__mcmp   0x0800b71c       0x40 C:/PROGRA~2/ARMGNU~1/14EFD8~1.2RE/bin/../lib/gcc/arm-none-eabi/14.2.1/thumb/v7e-m/nofp\libg.a(libc_a-mprec.o)
                0x0800b71c                __mcmp
 .text.__mdiff  0x0800b75c      0x174 C:/PROGRA~2/ARMGNU~1/14EFD8~1.2RE/bin/../lib/gcc/arm-none-eabi/14.2.1/thumb/v7e-m/nofp\libg.a(libc_a-mprec.o)
                0x0800b75c                __mdiff
 .text.__d2b    0x0800b8d0       0xb8 C:/PROGRA~2/ARMGNU~1/14EFD8~1.2RE/bin/../lib/gcc/arm-none-eabi/14.2.1/thumb/v7e-m/nofp\libg.a(libc_a-mprec.o)
                0x0800b8d0                __d2b
 .text._realloc_r
                0x0800b988      0x348 C:/PROGRA~2/ARMGNU~1/14EFD8~1.2RE/bin/../lib/gcc/arm-none-eabi/14.2.1/thumb/v7e-m/nofp\libg.a(libc_a-reallocr.o)
                0x0800b988                _realloc_r
 .text.__ascii_wctomb
                0x0800bcd0       0x1c C:/PROGRA~2/ARMGNU~1/14EFD8~1.2RE/bin/../lib/gcc/arm-none-eabi/14.2.1/thumb/v7e-m/nofp\libg.a(libc_a-wctomb_r.o)
                0x0800bcd0                __ascii_wctomb
 .text._wcrtomb_r
                0x0800bcec       0x4c C:/PROGRA~2/ARMGNU~1/14EFD8~1.2RE/bin/../lib/gcc/arm-none-eabi/14.2.1/thumb/v7e-m/nofp\libg.a(libc_a-wcrtomb.o)
                0x0800bcec                _wcrtomb_r
 .text._wcsrtombs_r
                0x0800bd38       0x1c C:/PROGRA~2/ARMGNU~1/14EFD8~1.2RE/bin/../lib/gcc/arm-none-eabi/14.2.1/thumb/v7e-m/nofp\libg.a(libc_a-wcsrtombs.o)
                0x0800bd38                _wcsrtombs_r
 .text.__smakebuf_r
                0x0800bd54       0xd0 C:/PROGRA~2/ARMGNU~1/14EFD8~1.2RE/bin/../lib/gcc/arm-none-eabi/14.2.1/thumb/v7e-m/nofp\libg.a(libc_a-makebuf.o)
                0x0800bd54                __smakebuf_r
 .text._fstat_r
                0x0800be24       0x2c C:/PROGRA~2/ARMGNU~1/14EFD8~1.2RE/bin/../lib/gcc/arm-none-eabi/14.2.1/thumb/v7e-m/nofp\libg.a(libc_a-fstatr.o)
                0x0800be24                _fstat_r
 .text._isatty_r
                0x0800be50       0x24 C:/PROGRA~2/ARMGNU~1/14EFD8~1.2RE/bin/../lib/gcc/arm-none-eabi/14.2.1/thumb/v7e-m/nofp\libg.a(libc_a-isattyr.o)
                0x0800be50                _isatty_r
 .text.__assert_func
                0x0800be74       0x40 C:/PROGRA~2/ARMGNU~1/14EFD8~1.2RE/bin/../lib/gcc/arm-none-eabi/14.2.1/thumb/v7e-m/nofp\libg.a(libc_a-assert.o)
                0x0800be74                __assert_func
 .text._calloc_r
                0x0800beb4       0x6c C:/PROGRA~2/ARMGNU~1/14EFD8~1.2RE/bin/../lib/gcc/arm-none-eabi/14.2.1/thumb/v7e-m/nofp\libg.a(libc_a-callocr.o)
                0x0800beb4                _calloc_r
 .text._wcsnrtombs_l
                0x0800bf20       0xec C:/PROGRA~2/ARMGNU~1/14EFD8~1.2RE/bin/../lib/gcc/arm-none-eabi/14.2.1/thumb/v7e-m/nofp\libg.a(libc_a-wcsnrtombs.o)
                0x0800bf20                _wcsnrtombs_l
 .text._wcsnrtombs_r
                0x0800c00c       0x24 C:/PROGRA~2/ARMGNU~1/14EFD8~1.2RE/bin/../lib/gcc/arm-none-eabi/14.2.1/thumb/v7e-m/nofp\libg.a(libc_a-wcsnrtombs.o)
                0x0800c00c                _wcsnrtombs_r
 .text.fiprintf
                0x0800c030       0x28 C:/PROGRA~2/ARMGNU~1/14EFD8~1.2RE/bin/../lib/gcc/arm-none-eabi/14.2.1/thumb/v7e-m/nofp\libg.a(libc_a-fiprintf.o)
                0x0800c030                fiprintf
 .text._vfiprintf_r
                0x0800c058     0x1278 C:/PROGRA~2/ARMGNU~1/14EFD8~1.2RE/bin/../lib/gcc/arm-none-eabi/14.2.1/thumb/v7e-m/nofp\libg.a(libc_a-vfiprintf.o)
                0x0800c058                _vfiprintf_r
 .text.__sbprintf
                0x0800d2d0       0x84 C:/PROGRA~2/ARMGNU~1/14EFD8~1.2RE/bin/../lib/gcc/arm-none-eabi/14.2.1/thumb/v7e-m/nofp\libg.a(libc_a-vfiprintf.o)
 .text.abort    0x0800d354       0x10 C:/PROGRA~2/ARMGNU~1/14EFD8~1.2RE/bin/../lib/gcc/arm-none-eabi/14.2.1/thumb/v7e-m/nofp\libg.a(libc_a-abort.o)
                0x0800d354                abort
 .text.raise    0x0800d364       0x58 C:/PROGRA~2/ARMGNU~1/14EFD8~1.2RE/bin/../lib/gcc/arm-none-eabi/14.2.1/thumb/v7e-m/nofp\libg.a(libc_a-signal.o)
                0x0800d364                raise
 .text._kill_r  0x0800d3bc       0x2c C:/PROGRA~2/ARMGNU~1/14EFD8~1.2RE/bin/../lib/gcc/arm-none-eabi/14.2.1/thumb/v7e-m/nofp\libg.a(libc_a-signalr.o)
                0x0800d3bc                _kill_r
 .text._getpid_r
                0x0800d3e8        0x4 C:/PROGRA~2/ARMGNU~1/14EFD8~1.2RE/bin/../lib/gcc/arm-none-eabi/14.2.1/thumb/v7e-m/nofp\libg.a(libc_a-signalr.o)
                0x0800d3e8                _getpid_r
 *(.glue_7)
 .glue_7        0x0800d3ec        0x0 linker stubs
 *(.glue_7t)
 .glue_7t       0x0800d3ec        0x0 linker stubs
 *(.eh_frame)
 .eh_frame      0x0800d3ec        0x0 C:/PROGRA~2/ARMGNU~1/14EFD8~1.2RE/bin/../lib/gcc/arm-none-eabi/14.2.1/thumb/v7e-m/nofp/crtbegin.o
 *(.init)
 .init          0x0800d3ec        0x4 C:/PROGRA~2/ARMGNU~1/14EFD8~1.2RE/bin/../lib/gcc/arm-none-eabi/14.2.1/thumb/v7e-m/nofp/crti.o
                0x0800d3ec                _init
 .init          0x0800d3f0        0x8 C:/PROGRA~2/ARMGNU~1/14EFD8~1.2RE/bin/../lib/gcc/arm-none-eabi/14.2.1/thumb/v7e-m/nofp/crtn.o
 *(.fini)
 .fini          0x0800d3f8        0x4 C:/PROGRA~2/ARMGNU~1/14EFD8~1.2RE/bin/../lib/gcc/arm-none-eabi/14.2.1/thumb/v7e-m/nofp/crti.o
                0x0800d3f8                _fini
 .fini          0x0800d3fc        0x8 C:/PROGRA~2/ARMGNU~1/14EFD8~1.2RE/bin/../lib/gcc/arm-none-eabi/14.2.1/thumb/v7e-m/nofp/crtn.o
                0x0800d404                        . = ALIGN (0x4)
                0x0800d404                        _etext = .

.vfp11_veneer   0x0800d404        0x0
 .vfp11_veneer  0x0800d404        0x0 linker stubs

.v4_bx          0x0800d404        0x0
 .v4_bx         0x0800d404        0x0 linker stubs

.iplt           0x0800d404        0x0
 .iplt          0x0800d404        0x0 C:/PROGRA~2/ARMGNU~1/14EFD8~1.2RE/bin/../lib/gcc/arm-none-eabi/14.2.1/thumb/v7e-m/nofp/crtbegin.o

.rodata         0x0800d408      0x46c
                0x0800d408                        . = ALIGN (0x4)
 *(.rodata)
 *(.rodata*)
 .rodata.main.str1.4
                0x0800d408      0x1df CMakeFiles/smartwatch.elf.dir/Core/Src/main.c.obj
                                  0xe (size before relaxing)
 .rodata.read_byte.str1.4
                0x0800d5e7       0x25 CMakeFiles/smartwatch.elf.dir/Core/Src/max30102.c.obj
 *fill*         0x0800d5e7        0x1 
 .rodata.MSIRangeTable
                0x0800d5e8       0x30 CMakeFiles/smartwatch.elf.dir/Core/Src/system_stm32l4xx.c.obj
                0x0800d5e8                MSIRangeTable
 .rodata.APBPrescTable
                0x0800d618        0x8 CMakeFiles/smartwatch.elf.dir/Core/Src/system_stm32l4xx.c.obj
                0x0800d618                APBPrescTable
 .rodata.AHBPrescTable
                0x0800d620       0x10 CMakeFiles/smartwatch.elf.dir/Core/Src/system_stm32l4xx.c.obj
                0x0800d620                AHBPrescTable
 .rodata._vfprintf_r.str1.4
                0x0800d630       0x42 C:/PROGRA~2/ARMGNU~1/14EFD8~1.2RE/bin/../lib/gcc/arm-none-eabi/14.2.1/thumb/v7e-m/nofp\libg.a(libc_a-vfprintf.o)
 .rodata.zeroes.0
                0x0800d630       0x10 C:/PROGRA~2/ARMGNU~1/14EFD8~1.2RE/bin/../lib/gcc/arm-none-eabi/14.2.1/thumb/v7e-m/nofp\libg.a(libc_a-vfprintf.o)
 .rodata.blanks.1
                0x0800d640       0x10 C:/PROGRA~2/ARMGNU~1/14EFD8~1.2RE/bin/../lib/gcc/arm-none-eabi/14.2.1/thumb/v7e-m/nofp\libg.a(libc_a-vfprintf.o)
 .rodata.str1.4
                0x0800d650       0x4c C:/PROGRA~2/ARMGNU~1/14EFD8~1.2RE/bin/../lib/gcc/arm-none-eabi/14.2.1/thumb/v7e-m/nofp\libg.a(libc_a-locale.o)
 .rodata._dtoa_r.str1.4
                0x0800d650       0x81 C:/PROGRA~2/ARMGNU~1/14EFD8~1.2RE/bin/../lib/gcc/arm-none-eabi/14.2.1/thumb/v7e-m/nofp\libg.a(libc_a-dtoa.o)
 .rodata.__multadd.str1.4
                0x0800d650       0x6e C:/PROGRA~2/ARMGNU~1/14EFD8~1.2RE/bin/../lib/gcc/arm-none-eabi/14.2.1/thumb/v7e-m/nofp\libg.a(libc_a-mprec.o)
 .rodata.p05.0  0x0800d650        0xc C:/PROGRA~2/ARMGNU~1/14EFD8~1.2RE/bin/../lib/gcc/arm-none-eabi/14.2.1/thumb/v7e-m/nofp\libg.a(libc_a-mprec.o)
 *fill*         0x0800d65c        0x4 
 .rodata.__mprec_bigtens
                0x0800d660       0x28 C:/PROGRA~2/ARMGNU~1/14EFD8~1.2RE/bin/../lib/gcc/arm-none-eabi/14.2.1/thumb/v7e-m/nofp\libg.a(libc_a-mprec.o)
                0x0800d660                __mprec_bigtens
 .rodata.__mprec_tens
                0x0800d688       0xc8 C:/PROGRA~2/ARMGNU~1/14EFD8~1.2RE/bin/../lib/gcc/arm-none-eabi/14.2.1/thumb/v7e-m/nofp\libg.a(libc_a-mprec.o)
                0x0800d688                __mprec_tens
 .rodata._ctype_
                0x0800d750      0x101 C:/PROGRA~2/ARMGNU~1/14EFD8~1.2RE/bin/../lib/gcc/arm-none-eabi/14.2.1/thumb/v7e-m/nofp\libg.a(libc_a-ctype_.o)
                0x0800d750                _ctype_
 .rodata.__assert_func.str1.4
                0x0800d851       0x43 C:/PROGRA~2/ARMGNU~1/14EFD8~1.2RE/bin/../lib/gcc/arm-none-eabi/14.2.1/thumb/v7e-m/nofp\libg.a(libc_a-assert.o)
 .rodata._vfiprintf_r.str1.4
                0x0800d851       0x2f C:/PROGRA~2/ARMGNU~1/14EFD8~1.2RE/bin/../lib/gcc/arm-none-eabi/14.2.1/thumb/v7e-m/nofp\libg.a(libc_a-vfiprintf.o)
 *fill*         0x0800d851        0x3 
 .rodata.zeroes.0
                0x0800d854       0x10 C:/PROGRA~2/ARMGNU~1/14EFD8~1.2RE/bin/../lib/gcc/arm-none-eabi/14.2.1/thumb/v7e-m/nofp\libg.a(libc_a-vfiprintf.o)
 .rodata.blanks.1
                0x0800d864       0x10 C:/PROGRA~2/ARMGNU~1/14EFD8~1.2RE/bin/../lib/gcc/arm-none-eabi/14.2.1/thumb/v7e-m/nofp\libg.a(libc_a-vfiprintf.o)
                0x0800d874                        . = ALIGN (0x4)

.ARM.extab      0x0800d874        0x0
                0x0800d874                        . = ALIGN (0x4)
 *(.ARM.extab* .gnu.linkonce.armextab.*)
                0x0800d874                        . = ALIGN (0x4)

.ARM            0x0800d874        0x8
                0x0800d874                        . = ALIGN (0x4)
                0x0800d874                        __exidx_start = .
 *(.ARM.exidx*)
 .ARM.exidx     0x0800d874        0x8 C:/PROGRA~2/ARMGNU~1/14EFD8~1.2RE/bin/../lib/gcc/arm-none-eabi/14.2.1/thumb/v7e-m/nofp\libg.a(libc_a-memchr.o)
 .ARM.exidx     0x0800d87c        0x0 C:/PROGRA~2/ARMGNU~1/14EFD8~1.2RE/bin/../lib/gcc/arm-none-eabi/14.2.1/thumb/v7e-m/nofp\libg.a(libc_a-memcpy.o)
                                  0x8 (size before relaxing)
 .ARM.exidx     0x0800d87c        0x0 C:/PROGRA~2/ARMGNU~1/14EFD8~1.2RE/bin/../lib/gcc/arm-none-eabi/14.2.1/thumb/v7e-m/nofp\libg.a(libc_a-strlen.o)
                                  0x8 (size before relaxing)
 .ARM.exidx.text.__udivmoddi4
                0x0800d87c        0x0 C:/PROGRA~2/ARMGNU~1/14EFD8~1.2RE/bin/../lib/gcc/arm-none-eabi/14.2.1/thumb/v7e-m/nofp\libgcc.a(_udivmoddi4.o)
                                  0x8 (size before relaxing)
                0x0800d87c                        __exidx_end = .
                0x0800d87c                        . = ALIGN (0x4)

.preinit_array  0x0800d87c        0x0
                0x0800d87c                        . = ALIGN (0x4)
                0x0800d87c                        PROVIDE (__preinit_array_start = .)
 *(.preinit_array*)
                0x0800d87c                        PROVIDE (__preinit_array_end = .)
                0x0800d87c                        . = ALIGN (0x4)

.init_array     0x0800d87c        0x8
                0x0800d87c                        . = ALIGN (0x4)
                0x0800d87c                        PROVIDE (__init_array_start = .)
 *(SORT_BY_NAME(.init_array.*))
 .init_array.00000
                0x0800d87c        0x4 C:/PROGRA~2/ARMGNU~1/14EFD8~1.2RE/bin/../lib/gcc/arm-none-eabi/14.2.1/thumb/v7e-m/nofp\libg.a(libc_a-__call_atexit.o)
 *(.init_array*)
 .init_array    0x0800d880        0x4 C:/PROGRA~2/ARMGNU~1/14EFD8~1.2RE/bin/../lib/gcc/arm-none-eabi/14.2.1/thumb/v7e-m/nofp/crtbegin.o
                0x0800d884                        PROVIDE (__init_array_end = .)
                0x0800d884                        . = ALIGN (0x4)

.fini_array     0x0800d884        0x4
                0x0800d884                        . = ALIGN (0x4)
                0x0800d884                        PROVIDE (__fini_array_start = .)
 *(SORT_BY_NAME(.fini_array.*))
 *(.fini_array*)
 .fini_array    0x0800d884        0x4 C:/PROGRA~2/ARMGNU~1/14EFD8~1.2RE/bin/../lib/gcc/arm-none-eabi/14.2.1/thumb/v7e-m/nofp/crtbegin.o
                0x0800d888                        PROVIDE (__fini_array_end = .)
                0x0800d888                        . = ALIGN (0x4)
                0x0800d888                        _sidata = LOADADDR (.data)

.rel.dyn        0x0800d888        0x0
 .rel.iplt      0x0800d888        0x0 C:/PROGRA~2/ARMGNU~1/14EFD8~1.2RE/bin/../lib/gcc/arm-none-eabi/14.2.1/thumb/v7e-m/nofp/crtbegin.o

.data           0x20000000     0x224c load address 0x0800d888
                0x20000000                        . = ALIGN (0x4)
                0x20000000                        _sdata = .
 *(.data)
 *(.data*)
 .data.Montserrat_Regular_Subset_ttf
                0x20000000     0x1b68 CMakeFiles/smartwatch.elf.dir/Core/Src/rasterizer.c.obj
                0x20000000                Montserrat_Regular_Subset_ttf
 .data.SystemCoreClock
                0x20001b68        0x4 CMakeFiles/smartwatch.elf.dir/Core/Src/system_stm32l4xx.c.obj
                0x20001b68                SystemCoreClock
 .data.uwTickFreq
                0x20001b6c        0x1 CMakeFiles/smartwatch.elf.dir/Drivers/STM32L4xx_HAL_Driver/Src/stm32l4xx_hal.c.obj
                0x20001b6c                uwTickFreq
 *fill*         0x20001b6d        0x3 
 .data.uwTickPrio
                0x20001b70        0x4 CMakeFiles/smartwatch.elf.dir/Drivers/STM32L4xx_HAL_Driver/Src/stm32l4xx_hal.c.obj
                0x20001b70                uwTickPrio
 .data.__sglue  0x20001b74        0xc C:/PROGRA~2/ARMGNU~1/14EFD8~1.2RE/bin/../lib/gcc/arm-none-eabi/14.2.1/thumb/v7e-m/nofp\libg.a(libc_a-findfp.o)
                0x20001b74                __sglue
 .data._impure_ptr
                0x20001b80        0x4 C:/PROGRA~2/ARMGNU~1/14EFD8~1.2RE/bin/../lib/gcc/arm-none-eabi/14.2.1/thumb/v7e-m/nofp\libg.a(libc_a-impure.o)
                0x20001b80                _impure_ptr
 *fill*         0x20001b84        0x4 
 .data._impure_data
                0x20001b88      0x140 C:/PROGRA~2/ARMGNU~1/14EFD8~1.2RE/bin/../lib/gcc/arm-none-eabi/14.2.1/thumb/v7e-m/nofp\libg.a(libc_a-impure.o)
                0x20001b88                _impure_data
 .data.__atexit_recursive_mutex
                0x20001cc8        0x4 C:/PROGRA~2/ARMGNU~1/14EFD8~1.2RE/bin/../lib/gcc/arm-none-eabi/14.2.1/thumb/v7e-m/nofp\libg.a(libc_a-__call_atexit.o)
                0x20001cc8                __atexit_recursive_mutex
 .data.__malloc_sbrk_base
                0x20001ccc        0x4 C:/PROGRA~2/ARMGNU~1/14EFD8~1.2RE/bin/../lib/gcc/arm-none-eabi/14.2.1/thumb/v7e-m/nofp\libg.a(libc_a-mallocr.o)
                0x20001ccc                __malloc_sbrk_base
 .data.__malloc_trim_threshold
                0x20001cd0        0x4 C:/PROGRA~2/ARMGNU~1/14EFD8~1.2RE/bin/../lib/gcc/arm-none-eabi/14.2.1/thumb/v7e-m/nofp\libg.a(libc_a-mallocr.o)
                0x20001cd0                __malloc_trim_threshold
 *fill*         0x20001cd4        0x4 
 .data.__malloc_av_
                0x20001cd8      0x408 C:/PROGRA~2/ARMGNU~1/14EFD8~1.2RE/bin/../lib/gcc/arm-none-eabi/14.2.1/thumb/v7e-m/nofp\libg.a(libc_a-mallocr.o)
                0x20001cd8                __malloc_av_
 .data.__global_locale
                0x200020e0      0x16c C:/PROGRA~2/ARMGNU~1/14EFD8~1.2RE/bin/../lib/gcc/arm-none-eabi/14.2.1/thumb/v7e-m/nofp\libg.a(libc_a-locale.o)
                0x200020e0                __global_locale
 *(.RamFunc)
 *(.RamFunc*)
                0x2000224c                        . = ALIGN (0x4)
                0x2000224c                        _edata = .

.tm_clone_table
                0x2000224c        0x0 load address 0x0800fad4
 .tm_clone_table
                0x2000224c        0x0 C:/PROGRA~2/ARMGNU~1/14EFD8~1.2RE/bin/../lib/gcc/arm-none-eabi/14.2.1/thumb/v7e-m/nofp/crtbegin.o
 .tm_clone_table
                0x2000224c        0x0 C:/PROGRA~2/ARMGNU~1/14EFD8~1.2RE/bin/../lib/gcc/arm-none-eabi/14.2.1/thumb/v7e-m/nofp/crtend.o

.igot.plt       0x2000224c        0x0 load address 0x0800fad4
 .igot.plt      0x2000224c        0x0 C:/PROGRA~2/ARMGNU~1/14EFD8~1.2RE/bin/../lib/gcc/arm-none-eabi/14.2.1/thumb/v7e-m/nofp/crtbegin.o
                0x2000224c                        . = ALIGN (0x4)

.bss            0x2000224c      0x6ac load address 0x0800fad4
                0x2000224c                        _sbss = .
                0x2000224c                        __bss_start__ = _sbss
 *(.bss)
 *(.bss*)
 .bss.completed.1
                0x2000224c        0x1 C:/PROGRA~2/ARMGNU~1/14EFD8~1.2RE/bin/../lib/gcc/arm-none-eabi/14.2.1/thumb/v7e-m/nofp/crtbegin.o
 *fill*         0x2000224d        0x3 
 .bss.object.0  0x20002250       0x18 C:/PROGRA~2/ARMGNU~1/14EFD8~1.2RE/bin/../lib/gcc/arm-none-eabi/14.2.1/thumb/v7e-m/nofp/crtbegin.o
 .bss.rxData    0x20002268        0x1 CMakeFiles/smartwatch.elf.dir/Core/Src/main.c.obj
                0x20002268                rxData
 *fill*         0x20002269        0x3 
 .bss.rx_buffer
                0x2000226c        0x1 CMakeFiles/smartwatch.elf.dir/Core/Src/main.c.obj
                0x2000226c                rx_buffer
 *fill*         0x2000226d        0x3 
 .bss.htim2     0x20002270       0x4c CMakeFiles/smartwatch.elf.dir/Core/Src/main.c.obj
                0x20002270                htim2
 .bss.htim1     0x200022bc       0x4c CMakeFiles/smartwatch.elf.dir/Core/Src/main.c.obj
                0x200022bc                htim1
 .bss.hspi3     0x20002308       0x64 CMakeFiles/smartwatch.elf.dir/Core/Src/main.c.obj
                0x20002308                hspi3
 .bss.hspi1     0x2000236c       0x64 CMakeFiles/smartwatch.elf.dir/Core/Src/main.c.obj
                0x2000236c                hspi1
 .bss.hrtc      0x200023d0       0x24 CMakeFiles/smartwatch.elf.dir/Core/Src/main.c.obj
                0x200023d0                hrtc
 .bss.huart3    0x200023f4       0x88 CMakeFiles/smartwatch.elf.dir/Core/Src/main.c.obj
                0x200023f4                huart3
 .bss.hlpuart1  0x2000247c       0x88 CMakeFiles/smartwatch.elf.dir/Core/Src/main.c.obj
                0x2000247c                hlpuart1
 .bss.hi2c2     0x20002504       0x54 CMakeFiles/smartwatch.elf.dir/Core/Src/main.c.obj
                0x20002504                hi2c2
 .bss.g_scale   0x20002558        0x4 CMakeFiles/smartwatch.elf.dir/Core/Src/rasterizer.c.obj
 .bss.g_font    0x2000255c       0x80 CMakeFiles/smartwatch.elf.dir/Core/Src/rasterizer.c.obj
 .bss.__sbrk_heap_end
                0x200025dc        0x4 CMakeFiles/smartwatch.elf.dir/Core/Src/sysmem.c.obj
 .bss.uwTick    0x200025e0        0x4 CMakeFiles/smartwatch.elf.dir/Drivers/STM32L4xx_HAL_Driver/Src/stm32l4xx_hal.c.obj
                0x200025e0                uwTick
 .bss.__sf      0x200025e4      0x138 C:/PROGRA~2/ARMGNU~1/14EFD8~1.2RE/bin/../lib/gcc/arm-none-eabi/14.2.1/thumb/v7e-m/nofp\libg.a(libc_a-findfp.o)
                0x200025e4                __sf
 .bss.__stdio_exit_handler
                0x2000271c        0x4 C:/PROGRA~2/ARMGNU~1/14EFD8~1.2RE/bin/../lib/gcc/arm-none-eabi/14.2.1/thumb/v7e-m/nofp\libg.a(libc_a-findfp.o)
                0x2000271c                __stdio_exit_handler
 .bss.errno     0x20002720        0x4 C:/PROGRA~2/ARMGNU~1/14EFD8~1.2RE/bin/../lib/gcc/arm-none-eabi/14.2.1/thumb/v7e-m/nofp\libg.a(libc_a-reent.o)
                0x20002720                errno
 .bss.__lock___malloc_recursive_mutex
                0x20002724        0x1 C:/PROGRA~2/ARMGNU~1/14EFD8~1.2RE/bin/../lib/gcc/arm-none-eabi/14.2.1/thumb/v7e-m/nofp\libg.a(libc_a-lock.o)
                0x20002724                __lock___malloc_recursive_mutex
 *fill*         0x20002725        0x3 
 .bss.__lock___atexit_recursive_mutex
                0x20002728        0x1 C:/PROGRA~2/ARMGNU~1/14EFD8~1.2RE/bin/../lib/gcc/arm-none-eabi/14.2.1/thumb/v7e-m/nofp\libg.a(libc_a-lock.o)
                0x20002728                __lock___atexit_recursive_mutex
 *fill*         0x20002729        0x3 
 .bss.__lock___sfp_recursive_mutex
                0x2000272c        0x1 C:/PROGRA~2/ARMGNU~1/14EFD8~1.2RE/bin/../lib/gcc/arm-none-eabi/14.2.1/thumb/v7e-m/nofp\libg.a(libc_a-lock.o)
                0x2000272c                __lock___sfp_recursive_mutex
 *fill*         0x2000272d        0x3 
 .bss.__atexit  0x20002730        0x4 C:/PROGRA~2/ARMGNU~1/14EFD8~1.2RE/bin/../lib/gcc/arm-none-eabi/14.2.1/thumb/v7e-m/nofp\libg.a(libc_a-__call_atexit.o)
                0x20002730                __atexit
 .bss.__malloc_current_mallinfo
                0x20002734       0x28 C:/PROGRA~2/ARMGNU~1/14EFD8~1.2RE/bin/../lib/gcc/arm-none-eabi/14.2.1/thumb/v7e-m/nofp\libg.a(libc_a-mallocr.o)
                0x20002734                __malloc_current_mallinfo
 .bss.__malloc_max_total_mem
                0x2000275c        0x4 C:/PROGRA~2/ARMGNU~1/14EFD8~1.2RE/bin/../lib/gcc/arm-none-eabi/14.2.1/thumb/v7e-m/nofp\libg.a(libc_a-mallocr.o)
                0x2000275c                __malloc_max_total_mem
 .bss.__malloc_max_sbrked_mem
                0x20002760        0x4 C:/PROGRA~2/ARMGNU~1/14EFD8~1.2RE/bin/../lib/gcc/arm-none-eabi/14.2.1/thumb/v7e-m/nofp\libg.a(libc_a-mallocr.o)
                0x20002760                __malloc_max_sbrked_mem
 .bss.__malloc_top_pad
                0x20002764        0x4 C:/PROGRA~2/ARMGNU~1/14EFD8~1.2RE/bin/../lib/gcc/arm-none-eabi/14.2.1/thumb/v7e-m/nofp\libg.a(libc_a-mallocr.o)
                0x20002764                __malloc_top_pad
 .bss.__atexit0
                0x20002768      0x190 C:/PROGRA~2/ARMGNU~1/14EFD8~1.2RE/bin/../lib/gcc/arm-none-eabi/14.2.1/thumb/v7e-m/nofp\libg.a(libc_a-__atexit.o)
                0x20002768                __atexit0
 *(COMMON)
                0x200028f8                        . = ALIGN (0x4)
                0x200028f8                        _ebss = .
                0x200028f8                        __bss_end__ = _ebss

._user_heap_stack
                0x200028f8      0x600 load address 0x0800fad4
                0x200028f8                        . = ALIGN (0x8)
                [!provide]                        PROVIDE (end = .)
                0x200028f8                        PROVIDE (_end = .)
                0x20002af8                        . = (. + _Min_Heap_Size)
 *fill*         0x200028f8      0x200 
                0x20002ef8                        . = (. + _Min_Stack_Size)
 *fill*         0x20002af8      0x400 
                0x20002ef8                        . = ALIGN (0x8)

/DISCARD/
 libc.a(*)
 libm.a(*)
 libgcc.a(*)

.ARM.attributes
                0x00000000       0x2a
 *(.ARM.attributes)
 .ARM.attributes
                0x00000000       0x1e C:/PROGRA~2/ARMGNU~1/14EFD8~1.2RE/bin/../lib/gcc/arm-none-eabi/14.2.1/thumb/v7e-m/nofp/crti.o
 .ARM.attributes
                0x0000001e       0x2e C:/PROGRA~2/ARMGNU~1/14EFD8~1.2RE/bin/../lib/gcc/arm-none-eabi/14.2.1/thumb/v7e-m/nofp/crtbegin.o
 .ARM.attributes
                0x0000004c       0x2e CMakeFiles/smartwatch.elf.dir/Core/Src/accel.c.obj
 .ARM.attributes
                0x0000007a       0x2e CMakeFiles/smartwatch.elf.dir/Core/Src/lcd.c.obj
 .ARM.attributes
                0x000000a8       0x2e CMakeFiles/smartwatch.elf.dir/Core/Src/main.c.obj
 .ARM.attributes
                0x000000d6       0x2e CMakeFiles/smartwatch.elf.dir/Core/Src/max30102.c.obj
 .ARM.attributes
                0x00000104       0x2e CMakeFiles/smartwatch.elf.dir/Core/Src/rasterizer.c.obj
 .ARM.attributes
                0x00000132       0x2e CMakeFiles/smartwatch.elf.dir/Core/Src/stm32l4xx_hal_msp.c.obj
 .ARM.attributes
                0x00000160       0x2e CMakeFiles/smartwatch.elf.dir/Core/Src/stm32l4xx_it.c.obj
 .ARM.attributes
                0x0000018e       0x2e CMakeFiles/smartwatch.elf.dir/Core/Src/syscalls.c.obj
 .ARM.attributes
                0x000001bc       0x2e CMakeFiles/smartwatch.elf.dir/Core/Src/sysmem.c.obj
 .ARM.attributes
                0x000001ea       0x2e CMakeFiles/smartwatch.elf.dir/Core/Src/system_stm32l4xx.c.obj
 .ARM.attributes
                0x00000218       0x21 CMakeFiles/smartwatch.elf.dir/Core/Startup/startup_stm32l433rctx.s.obj
 .ARM.attributes
                0x00000239       0x2e CMakeFiles/smartwatch.elf.dir/Drivers/STM32L4xx_HAL_Driver/Src/stm32l4xx_hal.c.obj
 .ARM.attributes
                0x00000267       0x2e CMakeFiles/smartwatch.elf.dir/Drivers/STM32L4xx_HAL_Driver/Src/stm32l4xx_hal_cortex.c.obj
 .ARM.attributes
                0x00000295       0x2e CMakeFiles/smartwatch.elf.dir/Drivers/STM32L4xx_HAL_Driver/Src/stm32l4xx_hal_dma.c.obj
 .ARM.attributes
                0x000002c3       0x2e CMakeFiles/smartwatch.elf.dir/Drivers/STM32L4xx_HAL_Driver/Src/stm32l4xx_hal_gpio.c.obj
 .ARM.attributes
                0x000002f1       0x2e CMakeFiles/smartwatch.elf.dir/Drivers/STM32L4xx_HAL_Driver/Src/stm32l4xx_hal_i2c.c.obj
 .ARM.attributes
                0x0000031f       0x2e CMakeFiles/smartwatch.elf.dir/Drivers/STM32L4xx_HAL_Driver/Src/stm32l4xx_hal_i2c_ex.c.obj
 .ARM.attributes
                0x0000034d       0x2e CMakeFiles/smartwatch.elf.dir/Drivers/STM32L4xx_HAL_Driver/Src/stm32l4xx_hal_pwr_ex.c.obj
 .ARM.attributes
                0x0000037b       0x2e CMakeFiles/smartwatch.elf.dir/Drivers/STM32L4xx_HAL_Driver/Src/stm32l4xx_hal_rcc.c.obj
 .ARM.attributes
                0x000003a9       0x2e CMakeFiles/smartwatch.elf.dir/Drivers/STM32L4xx_HAL_Driver/Src/stm32l4xx_hal_rcc_ex.c.obj
 .ARM.attributes
                0x000003d7       0x2e CMakeFiles/smartwatch.elf.dir/Drivers/STM32L4xx_HAL_Driver/Src/stm32l4xx_hal_rtc.c.obj
 .ARM.attributes
                0x00000405       0x2e CMakeFiles/smartwatch.elf.dir/Drivers/STM32L4xx_HAL_Driver/Src/stm32l4xx_hal_spi.c.obj
 .ARM.attributes
                0x00000433       0x2e CMakeFiles/smartwatch.elf.dir/Drivers/STM32L4xx_HAL_Driver/Src/stm32l4xx_hal_tim.c.obj
 .ARM.attributes
                0x00000461       0x2e CMakeFiles/smartwatch.elf.dir/Drivers/STM32L4xx_HAL_Driver/Src/stm32l4xx_hal_tim_ex.c.obj
 .ARM.attributes
                0x0000048f       0x2e CMakeFiles/smartwatch.elf.dir/Drivers/STM32L4xx_HAL_Driver/Src/stm32l4xx_hal_uart.c.obj
 .ARM.attributes
                0x000004bd       0x2e CMakeFiles/smartwatch.elf.dir/Drivers/STM32L4xx_HAL_Driver/Src/stm32l4xx_hal_uart_ex.c.obj
 .ARM.attributes
                0x000004eb       0x1e C:/PROGRA~2/ARMGNU~1/14EFD8~1.2RE/bin/../lib/gcc/arm-none-eabi/14.2.1/thumb/v7e-m/nofp\libgcc.a(_arm_addsubdf3.o)
 .ARM.attributes
                0x00000509       0x1e C:/PROGRA~2/ARMGNU~1/14EFD8~1.2RE/bin/../lib/gcc/arm-none-eabi/14.2.1/thumb/v7e-m/nofp\libgcc.a(_arm_muldivdf3.o)
 .ARM.attributes
                0x00000527       0x1e C:/PROGRA~2/ARMGNU~1/14EFD8~1.2RE/bin/../lib/gcc/arm-none-eabi/14.2.1/thumb/v7e-m/nofp\libgcc.a(_arm_addsubsf3.o)
 .ARM.attributes
                0x00000545       0x1e C:/PROGRA~2/ARMGNU~1/14EFD8~1.2RE/bin/../lib/gcc/arm-none-eabi/14.2.1/thumb/v7e-m/nofp\libgcc.a(_arm_fixsfsi.o)
 .ARM.attributes
                0x00000563       0x1e C:/PROGRA~2/ARMGNU~1/14EFD8~1.2RE/bin/../lib/gcc/arm-none-eabi/14.2.1/thumb/v7e-m/nofp\libgcc.a(_aeabi_uldivmod.o)
 .ARM.attributes
                0x00000581       0x2e C:/PROGRA~2/ARMGNU~1/14EFD8~1.2RE/bin/../lib/gcc/arm-none-eabi/14.2.1/thumb/v7e-m/nofp\libgcc.a(_udivmoddi4.o)
 .ARM.attributes
                0x000005af       0x1e C:/PROGRA~2/ARMGNU~1/14EFD8~1.2RE/bin/../lib/gcc/arm-none-eabi/14.2.1/thumb/v7e-m/nofp\libgcc.a(_dvmd_tls.o)
 .ARM.attributes
                0x000005cd       0x2e C:/PROGRA~2/ARMGNU~1/14EFD8~1.2RE/bin/../lib/gcc/arm-none-eabi/14.2.1/thumb/v7e-m/nofp\libg.a(libc_a-findfp.o)
 .ARM.attributes
                0x000005fb       0x2e C:/PROGRA~2/ARMGNU~1/14EFD8~1.2RE/bin/../lib/gcc/arm-none-eabi/14.2.1/thumb/v7e-m/nofp\libg.a(libc_a-fwalk.o)
 .ARM.attributes
                0x00000629       0x2e C:/PROGRA~2/ARMGNU~1/14EFD8~1.2RE/bin/../lib/gcc/arm-none-eabi/14.2.1/thumb/v7e-m/nofp\libg.a(libc_a-printf.o)
 .ARM.attributes
                0x00000657       0x2e C:/PROGRA~2/ARMGNU~1/14EFD8~1.2RE/bin/../lib/gcc/arm-none-eabi/14.2.1/thumb/v7e-m/nofp\libg.a(libc_a-stdio.o)
 .ARM.attributes
                0x00000685       0x2e C:/PROGRA~2/ARMGNU~1/14EFD8~1.2RE/bin/../lib/gcc/arm-none-eabi/14.2.1/thumb/v7e-m/nofp\libg.a(libc_a-memset.o)
 .ARM.attributes
                0x000006b3       0x2e C:/PROGRA~2/ARMGNU~1/14EFD8~1.2RE/bin/../lib/gcc/arm-none-eabi/14.2.1/thumb/v7e-m/nofp\libg.a(libc_a-closer.o)
 .ARM.attributes
                0x000006e1       0x2e C:/PROGRA~2/ARMGNU~1/14EFD8~1.2RE/bin/../lib/gcc/arm-none-eabi/14.2.1/thumb/v7e-m/nofp\libg.a(libc_a-reent.o)
 .ARM.attributes
                0x0000070f       0x2e C:/PROGRA~2/ARMGNU~1/14EFD8~1.2RE/bin/../lib/gcc/arm-none-eabi/14.2.1/thumb/v7e-m/nofp\libg.a(libc_a-impure.o)
 .ARM.attributes
                0x0000073d       0x2e C:/PROGRA~2/ARMGNU~1/14EFD8~1.2RE/bin/../lib/gcc/arm-none-eabi/14.2.1/thumb/v7e-m/nofp\libg.a(libc_a-lseekr.o)
 .ARM.attributes
                0x0000076b       0x2e C:/PROGRA~2/ARMGNU~1/14EFD8~1.2RE/bin/../lib/gcc/arm-none-eabi/14.2.1/thumb/v7e-m/nofp\libg.a(libc_a-readr.o)
 .ARM.attributes
                0x00000799       0x2e C:/PROGRA~2/ARMGNU~1/14EFD8~1.2RE/bin/../lib/gcc/arm-none-eabi/14.2.1/thumb/v7e-m/nofp\libg.a(libc_a-writer.o)
 .ARM.attributes
                0x000007c7       0x2e C:/PROGRA~2/ARMGNU~1/14EFD8~1.2RE/bin/../lib/gcc/arm-none-eabi/14.2.1/thumb/v7e-m/nofp\libg.a(libc_a-errno.o)
 .ARM.attributes
                0x000007f5       0x2e C:/PROGRA~2/ARMGNU~1/14EFD8~1.2RE/bin/../lib/gcc/arm-none-eabi/14.2.1/thumb/v7e-m/nofp\libg.a(libc_a-init.o)
 .ARM.attributes
                0x00000823       0x2e C:/PROGRA~2/ARMGNU~1/14EFD8~1.2RE/bin/../lib/gcc/arm-none-eabi/14.2.1/thumb/v7e-m/nofp\libg.a(libc_a-lock.o)
 .ARM.attributes
                0x00000851       0x2e C:/PROGRA~2/ARMGNU~1/14EFD8~1.2RE/bin/../lib/gcc/arm-none-eabi/14.2.1/thumb/v7e-m/nofp\libg.a(libc_a-__call_atexit.o)
 .ARM.attributes
                0x0000087f       0x2e C:/PROGRA~2/ARMGNU~1/14EFD8~1.2RE/bin/../lib/gcc/arm-none-eabi/14.2.1/thumb/v7e-m/nofp\libg.a(libc_a-atexit.o)
 .ARM.attributes
                0x000008ad       0x2e C:/PROGRA~2/ARMGNU~1/14EFD8~1.2RE/bin/../lib/gcc/arm-none-eabi/14.2.1/thumb/v7e-m/nofp\libg.a(libc_a-freer.o)
 .ARM.attributes
                0x000008db       0x2e C:/PROGRA~2/ARMGNU~1/14EFD8~1.2RE/bin/../lib/gcc/arm-none-eabi/14.2.1/thumb/v7e-m/nofp\libg.a(libc_a-mallocr.o)
 .ARM.attributes
                0x00000909       0x2e C:/PROGRA~2/ARMGNU~1/14EFD8~1.2RE/bin/../lib/gcc/arm-none-eabi/14.2.1/thumb/v7e-m/nofp\libg.a(libc_a-mlock.o)
 .ARM.attributes
                0x00000937       0x2e C:/PROGRA~2/ARMGNU~1/14EFD8~1.2RE/bin/../lib/gcc/arm-none-eabi/14.2.1/thumb/v7e-m/nofp\libg.a(libc_a-vfprintf.o)
 .ARM.attributes
                0x00000965       0x2e C:/PROGRA~2/ARMGNU~1/14EFD8~1.2RE/bin/../lib/gcc/arm-none-eabi/14.2.1/thumb/v7e-m/nofp\libg.a(libc_a-sprint_r.o)
 .ARM.attributes
                0x00000993       0x2e C:/PROGRA~2/ARMGNU~1/14EFD8~1.2RE/bin/../lib/gcc/arm-none-eabi/14.2.1/thumb/v7e-m/nofp\libg.a(libc_a-fclose.o)
 .ARM.attributes
                0x000009c1       0x2e C:/PROGRA~2/ARMGNU~1/14EFD8~1.2RE/bin/../lib/gcc/arm-none-eabi/14.2.1/thumb/v7e-m/nofp\libg.a(libc_a-fflush.o)
 .ARM.attributes
                0x000009ef       0x2e C:/PROGRA~2/ARMGNU~1/14EFD8~1.2RE/bin/../lib/gcc/arm-none-eabi/14.2.1/thumb/v7e-m/nofp\libg.a(libc_a-fvwrite.o)
 .ARM.attributes
                0x00000a1d       0x2e C:/PROGRA~2/ARMGNU~1/14EFD8~1.2RE/bin/../lib/gcc/arm-none-eabi/14.2.1/thumb/v7e-m/nofp\libg.a(libc_a-wsetup.o)
 .ARM.attributes
                0x00000a4b       0x2e C:/PROGRA~2/ARMGNU~1/14EFD8~1.2RE/bin/../lib/gcc/arm-none-eabi/14.2.1/thumb/v7e-m/nofp\libg.a(libc_a-memmove.o)
 .ARM.attributes
                0x00000a79       0x2e C:/PROGRA~2/ARMGNU~1/14EFD8~1.2RE/bin/../lib/gcc/arm-none-eabi/14.2.1/thumb/v7e-m/nofp\libg.a(libc_a-strncpy.o)
 .ARM.attributes
                0x00000aa7       0x2e C:/PROGRA~2/ARMGNU~1/14EFD8~1.2RE/bin/../lib/gcc/arm-none-eabi/14.2.1/thumb/v7e-m/nofp\libg.a(libc_a-locale.o)
 .ARM.attributes
                0x00000ad5       0x2e C:/PROGRA~2/ARMGNU~1/14EFD8~1.2RE/bin/../lib/gcc/arm-none-eabi/14.2.1/thumb/v7e-m/nofp\libg.a(libc_a-localeconv.o)
 .ARM.attributes
                0x00000b03       0x2e C:/PROGRA~2/ARMGNU~1/14EFD8~1.2RE/bin/../lib/gcc/arm-none-eabi/14.2.1/thumb/v7e-m/nofp\libg.a(libc_a-sbrkr.o)
 .ARM.attributes
                0x00000b31       0x2e C:/PROGRA~2/ARMGNU~1/14EFD8~1.2RE/bin/../lib/gcc/arm-none-eabi/14.2.1/thumb/v7e-m/nofp\libg.a(libc_a-fini.o)
 .ARM.attributes
                0x00000b5f       0x2e C:/PROGRA~2/ARMGNU~1/14EFD8~1.2RE/bin/../lib/gcc/arm-none-eabi/14.2.1/thumb/v7e-m/nofp\libg.a(libc_a-sysconf.o)
 .ARM.attributes
                0x00000b8d       0x1c C:/PROGRA~2/ARMGNU~1/14EFD8~1.2RE/bin/../lib/gcc/arm-none-eabi/14.2.1/thumb/v7e-m/nofp\libg.a(libc_a-memchr.o)
 .ARM.attributes
                0x00000ba9       0x1c C:/PROGRA~2/ARMGNU~1/14EFD8~1.2RE/bin/../lib/gcc/arm-none-eabi/14.2.1/thumb/v7e-m/nofp\libg.a(libc_a-memcpy.o)
 .ARM.attributes
                0x00000bc5       0x1c C:/PROGRA~2/ARMGNU~1/14EFD8~1.2RE/bin/../lib/gcc/arm-none-eabi/14.2.1/thumb/v7e-m/nofp\libg.a(libc_a-strlen.o)
 .ARM.attributes
                0x00000be1       0x2e C:/PROGRA~2/ARMGNU~1/14EFD8~1.2RE/bin/../lib/gcc/arm-none-eabi/14.2.1/thumb/v7e-m/nofp\libg.a(libm_a-s_frexp.o)
 .ARM.attributes
                0x00000c0f       0x2e C:/PROGRA~2/ARMGNU~1/14EFD8~1.2RE/bin/../lib/gcc/arm-none-eabi/14.2.1/thumb/v7e-m/nofp\libg.a(libc_a-__atexit.o)
 .ARM.attributes
                0x00000c3d       0x2e C:/PROGRA~2/ARMGNU~1/14EFD8~1.2RE/bin/../lib/gcc/arm-none-eabi/14.2.1/thumb/v7e-m/nofp\libg.a(libc_a-dtoa.o)
 .ARM.attributes
                0x00000c6b       0x2e C:/PROGRA~2/ARMGNU~1/14EFD8~1.2RE/bin/../lib/gcc/arm-none-eabi/14.2.1/thumb/v7e-m/nofp\libg.a(libc_a-mbtowc_r.o)
 .ARM.attributes
                0x00000c99       0x2e C:/PROGRA~2/ARMGNU~1/14EFD8~1.2RE/bin/../lib/gcc/arm-none-eabi/14.2.1/thumb/v7e-m/nofp\libg.a(libc_a-mprec.o)
 .ARM.attributes
                0x00000cc7       0x2e C:/PROGRA~2/ARMGNU~1/14EFD8~1.2RE/bin/../lib/gcc/arm-none-eabi/14.2.1/thumb/v7e-m/nofp\libg.a(libc_a-reallocr.o)
 .ARM.attributes
                0x00000cf5       0x2e C:/PROGRA~2/ARMGNU~1/14EFD8~1.2RE/bin/../lib/gcc/arm-none-eabi/14.2.1/thumb/v7e-m/nofp\libg.a(libc_a-wctomb_r.o)
 .ARM.attributes
                0x00000d23       0x2e C:/PROGRA~2/ARMGNU~1/14EFD8~1.2RE/bin/../lib/gcc/arm-none-eabi/14.2.1/thumb/v7e-m/nofp\libg.a(libc_a-wcrtomb.o)
 .ARM.attributes
                0x00000d51       0x2e C:/PROGRA~2/ARMGNU~1/14EFD8~1.2RE/bin/../lib/gcc/arm-none-eabi/14.2.1/thumb/v7e-m/nofp\libg.a(libc_a-wcsrtombs.o)
 .ARM.attributes
                0x00000d7f       0x2e C:/PROGRA~2/ARMGNU~1/14EFD8~1.2RE/bin/../lib/gcc/arm-none-eabi/14.2.1/thumb/v7e-m/nofp\libg.a(libc_a-ctype_.o)
 .ARM.attributes
                0x00000dad       0x2e C:/PROGRA~2/ARMGNU~1/14EFD8~1.2RE/bin/../lib/gcc/arm-none-eabi/14.2.1/thumb/v7e-m/nofp\libg.a(libc_a-makebuf.o)
 .ARM.attributes
                0x00000ddb       0x2e C:/PROGRA~2/ARMGNU~1/14EFD8~1.2RE/bin/../lib/gcc/arm-none-eabi/14.2.1/thumb/v7e-m/nofp\libg.a(libc_a-fstatr.o)
 .ARM.attributes
                0x00000e09       0x2e C:/PROGRA~2/ARMGNU~1/14EFD8~1.2RE/bin/../lib/gcc/arm-none-eabi/14.2.1/thumb/v7e-m/nofp\libg.a(libc_a-isattyr.o)
 .ARM.attributes
                0x00000e37       0x2e C:/PROGRA~2/ARMGNU~1/14EFD8~1.2RE/bin/../lib/gcc/arm-none-eabi/14.2.1/thumb/v7e-m/nofp\libg.a(libc_a-assert.o)
 .ARM.attributes
                0x00000e65       0x2e C:/PROGRA~2/ARMGNU~1/14EFD8~1.2RE/bin/../lib/gcc/arm-none-eabi/14.2.1/thumb/v7e-m/nofp\libg.a(libc_a-callocr.o)
 .ARM.attributes
                0x00000e93       0x2e C:/PROGRA~2/ARMGNU~1/14EFD8~1.2RE/bin/../lib/gcc/arm-none-eabi/14.2.1/thumb/v7e-m/nofp\libg.a(libc_a-wcsnrtombs.o)
 .ARM.attributes
                0x00000ec1       0x2e C:/PROGRA~2/ARMGNU~1/14EFD8~1.2RE/bin/../lib/gcc/arm-none-eabi/14.2.1/thumb/v7e-m/nofp\libg.a(libc_a-fiprintf.o)
 .ARM.attributes
                0x00000eef       0x2e C:/PROGRA~2/ARMGNU~1/14EFD8~1.2RE/bin/../lib/gcc/arm-none-eabi/14.2.1/thumb/v7e-m/nofp\libg.a(libc_a-vfiprintf.o)
 .ARM.attributes
                0x00000f1d       0x2e C:/PROGRA~2/ARMGNU~1/14EFD8~1.2RE/bin/../lib/gcc/arm-none-eabi/14.2.1/thumb/v7e-m/nofp\libg.a(libc_a-abort.o)
 .ARM.attributes
                0x00000f4b       0x2e C:/PROGRA~2/ARMGNU~1/14EFD8~1.2RE/bin/../lib/gcc/arm-none-eabi/14.2.1/thumb/v7e-m/nofp\libg.a(libc_a-signal.o)
 .ARM.attributes
                0x00000f79       0x2e C:/PROGRA~2/ARMGNU~1/14EFD8~1.2RE/bin/../lib/gcc/arm-none-eabi/14.2.1/thumb/v7e-m/nofp\libg.a(libc_a-signalr.o)
 .ARM.attributes
                0x00000fa7       0x1e C:/PROGRA~2/ARMGNU~1/14EFD8~1.2RE/bin/../lib/gcc/arm-none-eabi/14.2.1/thumb/v7e-m/nofp\libgcc.a(_arm_cmpdf2.o)
 .ARM.attributes
                0x00000fc5       0x1e C:/PROGRA~2/ARMGNU~1/14EFD8~1.2RE/bin/../lib/gcc/arm-none-eabi/14.2.1/thumb/v7e-m/nofp\libgcc.a(_arm_unorddf2.o)
 .ARM.attributes